Tue Jun 23 15:50:48 CEST 2026
;; 1. Based on: 25
;; 2. Description:
;;    New simulated data set
;; 3. Label:
;;    SimVal base model
;------------------------------------------------------------------------------
$PROBLEM    FFEM model
$INPUT      NO ID STUDYID TAD TIME DAY AMT RATE ODV DV EVID BLQ DOSE
            FOOD FORM TYPE WT HT LBWT BSA SEX RACE AGE AST ALT BILI
            CRCL BMI NCI GENO2 ETHNIC SMOK RACEL NCIL CLFREMCOV
            VFREMCOV MATFREMCOV V33 V43 V53 V44 V54 V55
$DATA      testDataFile_cholesky.csv IGNORE=@ IGNORE(BLQ.EQN.1)
$SUBROUTINE ADVAN2 TRANS2
$PK
; ----------------------------------------------------------------
; 1. Cholesky factors (L) for an 3x3 matrix
;    (Offset applied: starting at index 3)
; ----------------------------------------------------------------

; Column 3
L33 = SQRT(MAX(0.000001, V33))
L43 = V43 / L33
L53 = V53 / L33

; Column 4
L44 = SQRT(MAX(0.000001, V44 - L43**2))
L54 = (V54 - L53 * L43) / L44

; Column 5
L55 = SQRT(MAX(0.000001, V55 - L53**2 - L54**2))

; ----------------------------------------------------------------
; 2. Multiply standard ETA with L for correlated MYETA
; ----------------------------------------------------------------
MYETA3 = L33 * ETA(3)
MYETA4 = L43 * ETA(3) + L44 * ETA(4)
MYETA5 = L53 * ETA(3) + L54 * ETA(4) + L55 * ETA(5)
;;; MATFOOD-DEFINITION START
IF(FOOD.EQ.1) MATFOOD = 1  ; Most common
IF(FOOD.EQ.0) MATFOOD = ( 1 + THETA(6))
;;; MATFOOD-DEFINITION END

;;; MAT-RELATION START
MATCOVTIME = MATFOOD
;;; MAT-RELATION END


;;; FRELFOOD-DEFINITION START
IF(FOOD.EQ.1) FRELFOOD = 1  ; Most common
IF(FOOD.EQ.0) FRELFOOD = ( 1 + THETA(7))
;;; FRELFOOD-DEFINITION END

;;; FREL-RELATION START
FRELCOVTIME = FRELFOOD
;;; FREL-RELATION END

TVFREL  = THETA(1)
TVCL    = THETA(2)
TVV     = THETA(3)
TVMAT   = THETA(4)
TVD1    = THETA(5)

;MU_1  = LOG(TVRUV)
MU_2  = TVD1
MU_3  = LOG(TVCL)
MU_4  = LOG(TVV)
MU_5  = LOG(TVMAT)

D1FR  = MU_2                   + ETA(2)
FREL  = TVFREL*FRELCOVTIME
CL    = EXP(MU_3               + (MYETA3 + CLFREMCOV))
V     = EXP(MU_4               + (MYETA4 + VFREMCOV))
MAT   = MATCOVTIME * EXP(MU_5  + (MYETA5 + MATFREMCOV))
D1    = MAT*(1-D1FR)

F1    = FREL
KA    = 1 / (MAT-D1)
S2    = V

$ERROR
CP    = A(2)*1000 / V
IPRED = LOG(CP + 0.00001)
Y     = IPRED + EPS(1) * EXP(ETA(1))

$THETA  1 ; TH1
$THETA  6.14514 ; TH2
$THETA  122.525 ; TH3
$THETA  1.88694 ; TH4
$THETA  0.670374 ; TH5
$THETA  -0.0522225 ; TH6
$THETA  0.121132 ; TH7
$OMEGA  BLOCK(1)
 0.0541999
$OMEGA  BLOCK(1)
 1E-04
$OMEGA  BLOCK(3) FIX
 1.0
 0.0 1.0
 0.0 0.0 1.0
$SIGMA  BLOCK(1)
 0.0309911
$ESTIMATION METHOD=1 INTER MAX=0
$TABLE      NO ID STUDYID TAD TIME DAY AMT RATE ODV DV EVID BLQ DOSE
            FOOD FORM TYPE WT HT LBWT BSA SEX RACE AGE AST ALT BILI
            CRCL BMI NCI GENO2 ETHNIC SMOK RACE NCIL CPRED CIPREDI
            CWRES CIWRES ETAS(1:LAST) NOPRINT ONEHEADER
            FILE=ffemtab31Chol


NM-TRAN MESSAGES
  
 WARNINGS AND ERRORS (IF ANY) FOR PROBLEM    1
             
 (WARNING  2) NM-TRAN INFERS THAT THE DATA ARE POPULATION.
             
 (WARNING  68) THE INT, MOD, MIN, OR MAX FUNCTION IS BEING USED OUTSIDE OF A
 SIMULATION BLOCK. IF THE FUNCTION VALUE AFFECTS THE VALUE OF THE
 OBJECTIVE FUNCTION, THEN AN ERROR WILL PROBABLY OCCUR.

 (MU_WARNING 24) ABBREVIATED CODE IS TOO COMPLEX. UNABLE TO CHECK USE OF MU_ VARIABLES.
  
Note: Analytical 2nd Derivatives are constructed in FSUBS but are never used.
      You may insert $ABBR DERIV2=NO after the first $PROB to save FSUBS construction and compilation time
  

License Registered to:  Pharmetheus AB
Expiration Date:    14 DEC 2026
Current Date:       23 JUN 2026
Days until program expires : 171
1NONLINEAR MIXED EFFECTS MODEL PROGRAM (NONMEM) VERSION 7.5.1
 ORIGINALLY DEVELOPED BY STUART BEAL, LEWIS SHEINER, AND ALISON BOECKMANN
 CURRENT DEVELOPERS ARE ROBERT BAUER, ICON DEVELOPMENT SOLUTIONS,
 AND ALISON BOECKMANN. IMPLEMENTATION, EFFICIENCY, AND STANDARDIZATION
 PERFORMED BY NOUS INFOSYSTEMS.

 PROBLEM NO.:         1
 FFEM model
0DATA CHECKOUT RUN:              NO
 DATA SET LOCATED ON UNIT NO.:    2
 THIS UNIT TO BE REWOUND:        NO
 NO. OF DATA RECS IN DATA SET:    34083
 NO. OF DATA ITEMS IN DATA SET:  44
 ID DATA ITEM IS DATA ITEM NO.:   2
 DEP VARIABLE IS DATA ITEM NO.:  10
 MDV DATA ITEM IS DATA ITEM NO.: 44
0INDICES PASSED TO SUBROUTINE PRED:
  11   5   7   8   0   0   0   0   0   0   0
0LABELS FOR DATA ITEMS:
 NO ID STUDYID TAD TIME DAY AMT RATE ODV DV EVID BLQ DOSE FOOD FORM TYPE WT HT LBWT BSA SEX RACE AGE AST ALT BILI CRCL BMI
 NCI GENO2 ETHNIC SMOK RACEL NCIL CLFREMCOV VFREMCOV MATFREMCOV V33 V43 V53 V44 V54 V55 MDV
0FORMAT FOR DATA:
 (14(3E22.0/),1E22.0,1F2.0)

 TOT. NO. OF OBS RECS:     6335
 TOT. NO. OF INDIVIDUALS:      760
0LENGTH OF THETA:   7
0DEFAULT THETA BOUNDARY TEST OMITTED:    NO
0OMEGA HAS BLOCK FORM:
  1
  0  2
  0  0  3
  0  0  3  3
  0  0  3  3  3
0DEFAULT OMEGA BOUNDARY TEST OMITTED:    NO
0SIGMA HAS SIMPLE DIAGONAL FORM WITH DIMENSION:   1
0DEFAULT SIGMA BOUNDARY TEST OMITTED:    NO
0INITIAL ESTIMATE OF THETA:
   0.1000E+01  0.6145E+01  0.1225E+03  0.1887E+01  0.6704E+00 -0.5222E-01  0.1211E+00
0INITIAL ESTIMATE OF OMEGA:
 BLOCK SET NO.   BLOCK                                                                    FIXED
        1                                                                                   NO
                  0.5420E-01
        2                                                                                   NO
                  0.1000E-03
        3                                                                                  YES
                  0.1000E+01
                  0.0000E+00   0.1000E+01
                  0.0000E+00   0.0000E+00   0.1000E+01
0INITIAL ESTIMATE OF SIGMA:
 0.3099E-01
0TABLES STEP OMITTED:    NO
 NO. OF TABLES:           1
 SEED NUMBER (SEED):    11456
 NPDTYPE:    0
 INTERPTYPE:    0
 RANMETHOD:             3U
 MC SAMPLES (ESAMPLE):    300
 WRES SQUARE ROOT TYPE (WRESCHOL): EIGENVALUE
0-- TABLE   1 --
0RECORDS ONLY:    ALL
04 COLUMNS APPENDED:    YES
 PRINTED:                NO
 HEADERS:               ONE
 FILE TO BE FORWARDED:   NO
 FORMAT:                S1PE11.4
 IDFORMAT:
 LFORMAT:
 RFORMAT:
 FIXED_EFFECT_ETAS:
0USER-CHOSEN ITEMS:
 NO ID STUDYID TAD TIME DAY AMT RATE ODV DV EVID BLQ DOSE FOOD FORM TYPE WT HT LBWT BSA SEX RACE AGE AST ALT BILI CRCL BMI
 NCI GENO2 ETHNIC SMOK RACE NCIL CPRED CIPREDI CWRES CIWRES ETA1 ETA2 ETA3 ETA4 ETA5
1DOUBLE PRECISION PREDPP VERSION 7.5.1

 ONE COMPARTMENT MODEL WITH FIRST-ORDER ABSORPTION (ADVAN2)
0MAXIMUM NO. OF BASIC PK PARAMETERS:   3
0BASIC PK PARAMETERS (AFTER TRANSLATION):
   ELIMINATION RATE (K) IS BASIC PK PARAMETER NO.:  1
   ABSORPTION RATE (KA) IS BASIC PK PARAMETER NO.:  3

 TRANSLATOR WILL CONVERT PARAMETERS
 CLEARANCE (CL) AND VOLUME (V) TO K (TRANS2)
0COMPARTMENT ATTRIBUTES
 COMPT. NO.   FUNCTION   INITIAL    ON/OFF      DOSE      DEFAULT    DEFAULT
                         STATUS     ALLOWED    ALLOWED    FOR DOSE   FOR OBS.
    1         DEPOT        OFF        YES        YES        YES        NO
    2         CENTRAL      ON         NO         YES        NO         YES
    3         OUTPUT       OFF        YES        NO         NO         NO
1
 ADDITIONAL PK PARAMETERS - ASSIGNMENT OF ROWS IN GG
 COMPT. NO.                             INDICES
              SCALE      BIOAVAIL.   ZERO-ORDER  ZERO-ORDER  ABSORB
                         FRACTION    RATE        DURATION    LAG
    1            *           5           *           4           *
    2            6           *           *           *           *
    3            *           -           -           -           -
             - PARAMETER IS NOT ALLOWED FOR THIS MODEL
             * PARAMETER IS NOT SUPPLIED BY PK SUBROUTINE;
               WILL DEFAULT TO ONE IF APPLICABLE
0DATA ITEM INDICES USED BY PRED ARE:
   EVENT ID DATA ITEM IS DATA ITEM NO.:     11
   TIME DATA ITEM IS DATA ITEM NO.:          5
   DOSE AMOUNT DATA ITEM IS DATA ITEM NO.:   7
   DOSE RATE DATA ITEM IS DATA ITEM NO.:     8

0PK SUBROUTINE CALLED WITH EVERY EVENT RECORD.
 PK SUBROUTINE NOT CALLED AT NONEVENT (ADDITIONAL OR LAGGED) DOSE TIMES.
0ERROR SUBROUTINE CALLED WITH EVERY EVENT RECORD.
0ERROR SUBROUTINE INDICATES THAT DERIVATIVES OF COMPARTMENT AMOUNTS ARE USED.
1


 #TBLN:      1
 #METH: First Order Conditional Estimation with Interaction (Evaluation)

 ESTIMATION STEP OMITTED:                 YES
 ANALYSIS TYPE:                           POPULATION
 CONDITIONAL ESTIMATES USED:              YES
 CENTERED ETA:                            NO
 EPS-ETA INTERACTION:                     YES
 LAPLACIAN OBJ. FUNC.:                    NO
 NUMERICAL DERIVATIVE
       FILE REQUEST (NUMDER):               NONE
 MAP (ETAHAT) ESTIMATION METHOD (OPTMAP):   0
 ETA HESSIAN EVALUATION METHOD (ETADER):    0
 INITIAL ETA FOR MAP ESTIMATION (MCETA):    0
 SIGDIGITS FOR MAP ESTIMATION (SIGLO):      100
 GRADIENT SIGDIGITS OF
       FIXED EFFECTS PARAMETERS (SIGL):     100
 NOPRIOR SETTING (NOPRIOR):                 0
 NOCOV SETTING (NOCOV):                     OFF
 DERCONT SETTING (DERCONT):                 OFF
 FINAL ETA RE-EVALUATION (FNLETA):          1
 EXCLUDE NON-INFLUENTIAL (NON-INFL.) ETAS
       IN SHRINKAGE (ETASTYPE):             NO
 NON-INFL. ETA CORRECTION (NONINFETA):      0
 RAW OUTPUT FILE (FILE): psn.ext
 EXCLUDE TITLE (NOTITLE):                   NO
 EXCLUDE COLUMN LABELS (NOLABEL):           NO
 FORMAT FOR ADDITIONAL FILES (FORMAT):      S1PE12.5
 PARAMETER ORDER FOR OUTPUTS (ORDER):       TSOL
 KNUTHSUMOFF:                               0
 INCLUDE LNTWOPI:                           NO
 INCLUDE CONSTANT TERM TO PRIOR (PRIORC):   NO
 INCLUDE CONSTANT TERM TO OMEGA (ETA) (OLNTWOPI):NO
 ADDITIONAL CONVERGENCE TEST (CTYPE=4)?:    NO
 EM OR BAYESIAN METHOD USED:                 NONE


 THE FOLLOWING LABELS ARE EQUIVALENT
 PRED=PREDI
 RES=RESI
 WRES=WRESI
 IWRS=IWRESI
 IPRD=IPREDI
 IRS=IRESI

 Elapsed evaluation time in seconds:     0.75
 Elapsed postprocess time in seconds:     0.85
1
 
 
 
 
 
 
 
 
 
 
 
 
 
 
 
 
 
 
 
 
 ************************************************************************************************************************
 ********************                                                                                ********************
 ********************         FIRST ORDER CONDITIONAL ESTIMATION WITH INTERACTION (EVALUATION)       ********************
 #OBJT:**************                       MINIMUM VALUE OF OBJECTIVE FUNCTION                      ********************
 ********************                                                                                ********************
 ************************************************************************************************************************
 





 #OBJV:********************************************   -11006.712       **************************************************
1
 ************************************************************************************************************************
 ********************                                                                                ********************
 ********************         FIRST ORDER CONDITIONAL ESTIMATION WITH INTERACTION (EVALUATION)       ********************
 ********************                             FINAL PARAMETER ESTIMATE                           ********************
 ********************                                                                                ********************
 ************************************************************************************************************************
 


 THETA - VECTOR OF FIXED EFFECTS PARAMETERS   *********


         TH 1      TH 2      TH 3      TH 4      TH 5      TH 6      TH 7     
 
         1.00E+00  6.15E+00  1.23E+02  1.89E+00  6.70E-01 -5.22E-02  1.21E-01
 


 OMEGA - COV MATRIX FOR RANDOM EFFECTS - ETAS  ********


         ETA1      ETA2      ETA3      ETA4      ETA5     
 
 ETA1
+        5.42E-02
 
 ETA2
+        0.00E+00  1.00E-04
 
 ETA3
+        0.00E+00  0.00E+00  1.00E+00
 
 ETA4
+        0.00E+00  0.00E+00  0.00E+00  1.00E+00
 
 ETA5
+        0.00E+00  0.00E+00  0.00E+00  0.00E+00  1.00E+00
 


 SIGMA - COV MATRIX FOR RANDOM EFFECTS - EPSILONS  ****


         EPS1     
 
 EPS1
+        3.10E-02
 
1


 OMEGA - CORR MATRIX FOR RANDOM EFFECTS - ETAS  *******


         ETA1      ETA2      ETA3      ETA4      ETA5     
 
 ETA1
+        2.33E-01
 
 ETA2
+        0.00E+00  1.00E-02
 
 ETA3
+        0.00E+00  0.00E+00  1.00E+00
 
 ETA4
+        0.00E+00  0.00E+00  0.00E+00  1.00E+00
 
 ETA5
+        0.00E+00  0.00E+00  0.00E+00  0.00E+00  1.00E+00
 


 SIGMA - CORR MATRIX FOR RANDOM EFFECTS - EPSILONS  ***


         EPS1     
 
 EPS1
+        1.76E-01
 
 Elapsed finaloutput time in seconds:     1.55
 #CPUT: Total CPU Time in Seconds,        8.874
Stop Time:
Tue Jun 23 15:50:59 CEST 2026
