Wed May 13 08:51:26 CEST 2026
;; 1. Based on: 30
;; 2. Description:
;;    Changing to phitype=1
;; 3. Label:
;;    SimVal base model
;------------------------------------------------------------------------------
$PROBLEM    run 1
$INPUT      NO ID STUDYID TAD TIME DAY AMT RATE ODV DV EVID BLQ DOSE
            FOOD FORM TYPE WT HT LBWT BSA SEX RACE AGE AST ALT BILI
            CRCL BMI NCI GENO2 ETHNIC SMOK RACEL NCIL
$DATA      DAT-2-MI-PMX-2-onlyTYPE2-new.csv IGNORE=@ IGNORE(BLQ.EQN.1)
$SUBROUTINE ADVAN2 TRANS2
$PK
;;; MATFOOD-DEFINITION START
IF(FOOD.EQ.1) MATFOOD = 1  ; Most common
IF(FOOD.EQ.0) MATFOOD = ( 1 + THETA(6))
;;; MATFOOD-DEFINITION END

;;; MAT-RELATION START
MATCOVTIME = MATFOOD
;;; MAT-RELATION END


;;; FRELFOOD-DEFINITION START
IF(FOOD.EQ.1) FRELFOOD = 1  ; Most common
IF(FOOD.EQ.0) FRELFOOD = ( 1 + THETA(7))
;;; FRELFOOD-DEFINITION END

;;; FREL-RELATION START
FRELCOVTIME = FRELFOOD
;;; FREL-RELATION END

TVFREL  = THETA(1)
TVCL    = THETA(2)
TVV     = THETA(3)
TVMAT   = THETA(4)
TVD1    = THETA(5)

;MU_1  = LOG(TVRUV)
MU_2  = TVD1
MU_3  = LOG(TVCL)
MU_4  = LOG(TVV)
MU_5  = LOG(TVMAT)

D1FR  = MU_2                   + ETA(2)
FREL  = TVFREL*FRELCOVTIME
CL    = EXP(MU_3               + ETA(3))
V     = EXP(MU_4               + ETA(4))
MAT   = MATCOVTIME * EXP(MU_5  + ETA(5))
D1    = MAT*(1-D1FR)

F1    = FREL
KA    = 1 / (MAT-D1)
S2    = V

$ERROR
CP    = A(2)*1000 / V
IPRED = LOG(CP + 0.00001)
Y     = IPRED + EPS(1) * EXP(ETA(1))

$THETA  1 FIX ; 1. TVFREL
$THETA  (0,6.17206) ; 2. TVCL
$THETA  (0,121.358) ; 3. TVV
$THETA  (0,1.91756) ; 4. TVMAT
$THETA  (0,0.676682) ; 5. D1
$THETA  (-1.00,-0.0521041,3.00) ; 6. FRELFOOD1
$THETA  (-1.00,0.152505,3.00) ; 7. MATFOOD1
$OMEGA  0.054943  ; 1. IIV on RUV
$OMEGA  0.0001  FIX  ; 2. IIV on D1
$OMEGA  BLOCK(3)
 0.183099  ; 3. IIV on CL
 0.140718 0.200553  ; 4. IIV on V
 0.012395 0.0258711 0.047017  ; 5. IIV on MAT
$SIGMA  0.0309612  ;     1. RUV
$ESTIMATION METHOD=IMPMAP AUTO=1 RANMETHOD=3P INTER NOABORT PRINT=1
            NOCOV=1 ISAMPEND=100 NITER=50 ISAMPLE=300
$ESTIMATION METHOD=IMPMAP INTER EONLY=1 NITER=5 ISAMPLE=10000 NOCOV=0
            PHITYPE=1


NM-TRAN MESSAGES
  
 WARNINGS AND ERRORS (IF ANY) FOR PROBLEM    1
             
 (WARNING  2) NM-TRAN INFERS THAT THE DATA ARE POPULATION.
  
Note: Analytical 2nd Derivatives are constructed in FSUBS but are never used.
      You may insert $ABBR DERIV2=NO after the first $PROB to save FSUBS construction and compilation time
  

License Registered to:  Pharmetheus AB
Expiration Date:    14 DEC 2026
Current Date:       13 MAY 2026
Days until program expires : 211
1NONLINEAR MIXED EFFECTS MODEL PROGRAM (NONMEM) VERSION 7.5.1
 ORIGINALLY DEVELOPED BY STUART BEAL, LEWIS SHEINER, AND ALISON BOECKMANN
 CURRENT DEVELOPERS ARE ROBERT BAUER, ICON DEVELOPMENT SOLUTIONS,
 AND ALISON BOECKMANN. IMPLEMENTATION, EFFICIENCY, AND STANDARDIZATION
 PERFORMED BY NOUS INFOSYSTEMS.

 PROBLEM NO.:         1
 run 1
0DATA CHECKOUT RUN:              NO
 DATA SET LOCATED ON UNIT NO.:    2
 THIS UNIT TO BE REWOUND:        NO
 NO. OF DATA RECS IN DATA SET:    34083
 NO. OF DATA ITEMS IN DATA SET:  35
 ID DATA ITEM IS DATA ITEM NO.:   2
 DEP VARIABLE IS DATA ITEM NO.:  10
 MDV DATA ITEM IS DATA ITEM NO.: 35
0INDICES PASSED TO SUBROUTINE PRED:
  11   5   7   8   0   0   0   0   0   0   0
0LABELS FOR DATA ITEMS:
 NO ID STUDYID TAD TIME DAY AMT RATE ODV DV EVID BLQ DOSE FOOD FORM TYPE WT HT LBWT BSA SEX RACE AGE AST ALT BILI CRCL BMI
 NCI GENO2 ETHNIC SMOK RACEL NCIL MDV
0FORMAT FOR DATA:
 (8(4E17.0/),2E17.0,1F2.0)

 TOT. NO. OF OBS RECS:     6335
 TOT. NO. OF INDIVIDUALS:      760
0LENGTH OF THETA:   7
0DEFAULT THETA BOUNDARY TEST OMITTED:    NO
0OMEGA HAS BLOCK FORM:
  1
  0  2
  0  0  3
  0  0  3  3
  0  0  3  3  3
0DEFAULT OMEGA BOUNDARY TEST OMITTED:    NO
0SIGMA HAS SIMPLE DIAGONAL FORM WITH DIMENSION:   1
0DEFAULT SIGMA BOUNDARY TEST OMITTED:    NO
0INITIAL ESTIMATE OF THETA:
 LOWER BOUND    INITIAL EST    UPPER BOUND
  0.1000E+01     0.1000E+01     0.1000E+01
  0.0000E+00     0.6172E+01     0.1000E+07
  0.0000E+00     0.1214E+03     0.1000E+07
  0.0000E+00     0.1918E+01     0.1000E+07
  0.0000E+00     0.6767E+00     0.1000E+07
 -0.1000E+01    -0.5210E-01     0.3000E+01
 -0.1000E+01     0.1525E+00     0.3000E+01
0INITIAL ESTIMATE OF OMEGA:
 BLOCK SET NO.   BLOCK                                                                    FIXED
        1                                                                                   NO
                  0.5494E-01
        2                                                                                  YES
                  0.1000E-03
        3                                                                                   NO
                  0.1831E+00
                  0.1407E+00   0.2006E+00
                  0.1239E-01   0.2587E-01   0.4702E-01
0INITIAL ESTIMATE OF SIGMA:
 0.3096E-01
1DOUBLE PRECISION PREDPP VERSION 7.5.1

 ONE COMPARTMENT MODEL WITH FIRST-ORDER ABSORPTION (ADVAN2)
0MAXIMUM NO. OF BASIC PK PARAMETERS:   3
0BASIC PK PARAMETERS (AFTER TRANSLATION):
   ELIMINATION RATE (K) IS BASIC PK PARAMETER NO.:  1
   ABSORPTION RATE (KA) IS BASIC PK PARAMETER NO.:  3

 TRANSLATOR WILL CONVERT PARAMETERS
 CLEARANCE (CL) AND VOLUME (V) TO K (TRANS2)
0COMPARTMENT ATTRIBUTES
 COMPT. NO.   FUNCTION   INITIAL    ON/OFF      DOSE      DEFAULT    DEFAULT
                         STATUS     ALLOWED    ALLOWED    FOR DOSE   FOR OBS.
    1         DEPOT        OFF        YES        YES        YES        NO
    2         CENTRAL      ON         NO         YES        NO         YES
    3         OUTPUT       OFF        YES        NO         NO         NO
1
 ADDITIONAL PK PARAMETERS - ASSIGNMENT OF ROWS IN GG
 COMPT. NO.                             INDICES
              SCALE      BIOAVAIL.   ZERO-ORDER  ZERO-ORDER  ABSORB
                         FRACTION    RATE        DURATION    LAG
    1            *           5           *           4           *
    2            6           *           *           *           *
    3            *           -           -           -           -
             - PARAMETER IS NOT ALLOWED FOR THIS MODEL
             * PARAMETER IS NOT SUPPLIED BY PK SUBROUTINE;
               WILL DEFAULT TO ONE IF APPLICABLE
0DATA ITEM INDICES USED BY PRED ARE:
   EVENT ID DATA ITEM IS DATA ITEM NO.:     11
   TIME DATA ITEM IS DATA ITEM NO.:          5
   DOSE AMOUNT DATA ITEM IS DATA ITEM NO.:   7
   DOSE RATE DATA ITEM IS DATA ITEM NO.:     8

0PK SUBROUTINE CALLED WITH EVERY EVENT RECORD.
 PK SUBROUTINE NOT CALLED AT NONEVENT (ADDITIONAL OR LAGGED) DOSE TIMES.
0ERROR SUBROUTINE CALLED WITH EVERY EVENT RECORD.
0ERROR SUBROUTINE INDICATES THAT DERIVATIVES OF COMPARTMENT AMOUNTS ARE USED.

 #PARA: PARAFILE=/usr/local/arch/nonmem/nonmem-7.5.1g75om31/run/mpilinux8.pnm, PROTOCOL=MPI, NODES= 8

1


 #TBLN:      1
 #METH: Importance Sampling assisted by MAP Estimation (No Prior)

 ESTIMATION STEP OMITTED:                 NO
 ANALYSIS TYPE:                           POPULATION
 NUMBER OF SADDLE POINT RESET ITERATIONS:      0
 GRADIENT METHOD USED:               NOSLOW
 CONDITIONAL ESTIMATES USED:              YES
 CENTERED ETA:                            NO
 EPS-ETA INTERACTION:                     YES
 LAPLACIAN OBJ. FUNC.:                    NO
 NO. OF FUNCT. EVALS. ALLOWED:            960
 NO. OF SIG. FIGURES REQUIRED:            3
 INTERMEDIATE PRINTOUT:                   YES
 ESTIMATE OUTPUT TO MSF:                  NO
 ABORT WITH PRED EXIT CODE 1:             NO
 IND. OBJ. FUNC. VALUES SORTED:           NO
 NUMERICAL DERIVATIVE
       FILE REQUEST (NUMDER):               NONE
 MAP (ETAHAT) ESTIMATION METHOD (OPTMAP):   0
 ETA HESSIAN EVALUATION METHOD (ETADER):    0
 INITIAL ETA FOR MAP ESTIMATION (MCETA):    3
 SIGDIGITS FOR MAP ESTIMATION (SIGLO):      100
 GRADIENT SIGDIGITS OF
       FIXED EFFECTS PARAMETERS (SIGL):     100
 NOPRIOR SETTING (NOPRIOR):                 1
 NOCOV SETTING (NOCOV):                     ON
 DERCONT SETTING (DERCONT):                 OFF
 FINAL ETA RE-EVALUATION (FNLETA):          1
 EXCLUDE NON-INFLUENTIAL (NON-INFL.) ETAS
       IN SHRINKAGE (ETASTYPE):             NO
 NON-INFL. ETA CORRECTION (NONINFETA):      0
 RAW OUTPUT FILE (FILE): psn.ext
 EXCLUDE TITLE (NOTITLE):                   NO
 EXCLUDE COLUMN LABELS (NOLABEL):           NO
 FORMAT FOR ADDITIONAL FILES (FORMAT):      S1PE12.5
 PARAMETER ORDER FOR OUTPUTS (ORDER):       TSOL
 KNUTHSUMOFF:                               0
 INCLUDE LNTWOPI:                           NO
 INCLUDE CONSTANT TERM TO PRIOR (PRIORC):   NO
 INCLUDE CONSTANT TERM TO OMEGA (ETA) (OLNTWOPI):NO
 EM OR BAYESIAN METHOD USED:                IMPORTANCE SAMPLING ASSISTED BY MAP ESTIMATION (IMPMAP)
 MU MODELING PATTERN (MUM):
 GRADIENT/GIBBS PATTERN (GRD):
 AUTOMATIC SETTING FEATURE (AUTO):          1
 CONVERGENCE TYPE (CTYPE):                  3
 CONVERGENCE INTERVAL (CINTERVAL):          1
 CONVERGENCE ITERATIONS (CITER):            10
 CONVERGENCE ALPHA ERROR (CALPHA):          5.000000000000000E-02
 ITERATIONS (NITER):                        50
 ANNEAL SETTING (CONSTRAIN):                 1
 STARTING SEED FOR MC METHODS (SEED):       11456
 MC SAMPLES PER SUBJECT (ISAMPLE):          300
 RANDOM SAMPLING METHOD (RANMETHOD):        3UP
 EXPECTATION ONLY (EONLY):                  0
 PROPOSAL DENSITY SCALING RANGE
              (ISCALE_MIN, ISCALE_MAX):     0.100000000000000       ,10.0000000000000
 SAMPLE ACCEPTANCE RATE (IACCEPT):          0.00000000000000
 LONG TAIL SAMPLE ACCEPT. RATE (IACCEPTL):   0.00000000000000
 T-DIST. PROPOSAL DENSITY (DF):             0
 NO. ITERATIONS FOR MAP (MAPITER):          1
 INTERVAL ITER. FOR MAP (MAPINTER):         0
 MAP COVARIANCE/MODE SETTING (MAPCOV):      1
 Gradient Quick Value (GRDQ):               0.00000000000000


 THE FOLLOWING LABELS ARE EQUIVALENT
 PRED=PREDI
 RES=RESI
 WRES=WRESI
 IWRS=IWRESI
 IPRD=IPREDI
 IRS=IRESI

 EM/BAYES SETUP:
 THETAS THAT ARE MU MODELED:
   2   3   4   5
 THETAS THAT ARE SIGMA-LIKE:
 

 MONITORING OF SEARCH:

 iteration            0  OBJ=  -10439.828809885716 eff.=     350. Smpl.=     300. Fit.= 0.97604
 iteration            1  OBJ=  -10450.774789163037 eff.=     106. Smpl.=     300. Fit.= 0.91767
 iteration            2  OBJ=  -10450.601779320235 eff.=      96. Smpl.=     300. Fit.= 0.91200
 iteration            3  OBJ=  -10451.785196280198 eff.=      88. Smpl.=     300. Fit.= 0.90718
 iteration            4  OBJ=  -10449.132025254446 eff.=      83. Smpl.=     300. Fit.= 0.90393
 iteration            5  OBJ=  -10451.769572249974 eff.=      79. Smpl.=     300. Fit.= 0.90133
 iteration            6  OBJ=  -10449.369010277715 eff.=      74. Smpl.=     300. Fit.= 0.89835
 iteration            7  OBJ=  -10447.418812324850 eff.=      72. Smpl.=     300. Fit.= 0.89694
 iteration            8  OBJ=  -10449.745698482815 eff.=      70. Smpl.=     300. Fit.= 0.89582
 iteration            9  OBJ=  -10442.232237737113 eff.=      69. Smpl.=     300. Fit.= 0.89560
 iteration           10  OBJ=  -10445.814143117408 eff.=      69. Smpl.=     300. Fit.= 0.89492
 iteration           11  OBJ=  -10451.109779141982 eff.=      68. Smpl.=     300. Fit.= 0.89393
 iteration           12  OBJ=  -10442.834607431729 eff.=      66. Smpl.=     300. Fit.= 0.89348
 iteration           13  OBJ=  -10444.216134810480 eff.=      67. Smpl.=     300. Fit.= 0.89372
 iteration           14  OBJ=  -10447.049675115670 eff.=      67. Smpl.=     300. Fit.= 0.89384
 iteration           15  OBJ=  -10444.686485935854 eff.=      67. Smpl.=     300. Fit.= 0.89392
 iteration           16  OBJ=  -10450.383214167428 eff.=      66. Smpl.=     300. Fit.= 0.89337
 iteration           17  OBJ=  -10451.245645052950 eff.=      66. Smpl.=     300. Fit.= 0.89341
 iteration           18  OBJ=  -10447.228332056708 eff.=      67. Smpl.=     300. Fit.= 0.89432
 iteration           19  OBJ=  -10453.196224552305 eff.=      67. Smpl.=     300. Fit.= 0.89438
 iteration           20  OBJ=  -10453.604633493273 eff.=      67. Smpl.=     300. Fit.= 0.89428
 iteration           21  OBJ=  -10446.293961266196 eff.=      68. Smpl.=     300. Fit.= 0.89534
 iteration           22  OBJ=  -10450.383122078374 eff.=      69. Smpl.=     300. Fit.= 0.89600
 iteration           23  OBJ=  -10445.027601196560 eff.=      68. Smpl.=     300. Fit.= 0.89529
 iteration           24  OBJ=  -10452.351659143644 eff.=      70. Smpl.=     300. Fit.= 0.89626
 iteration           25  OBJ=  -10452.268303106266 eff.=      70. Smpl.=     300. Fit.= 0.89621
 iteration           26  OBJ=  -10445.346887877242 eff.=      70. Smpl.=     300. Fit.= 0.89673
 iteration           27  OBJ=  -10450.475423974513 eff.=      70. Smpl.=     300. Fit.= 0.89689
 iteration           28  OBJ=  -10450.469026897203 eff.=      70. Smpl.=     300. Fit.= 0.89668
 iteration           29  OBJ=  -10448.615667677237 eff.=      69. Smpl.=     300. Fit.= 0.89643
 iteration           30  OBJ=  -10454.884089028201 eff.=      70. Smpl.=     300. Fit.= 0.89629
 iteration           31  OBJ=  -10449.553043909722 eff.=      70. Smpl.=     300. Fit.= 0.89680
 iteration           32  OBJ=  -10452.737469976204 eff.=      70. Smpl.=     300. Fit.= 0.89659
 iteration           33  OBJ=  -10448.564282229969 eff.=      70. Smpl.=     300. Fit.= 0.89706
 iteration           34  OBJ=  -10450.217487709799 eff.=      70. Smpl.=     300. Fit.= 0.89686
 iteration           35  OBJ=  -10446.607092409940 eff.=      70. Smpl.=     300. Fit.= 0.89740
 iteration           36  OBJ=  -10454.818565873946 eff.=      71. Smpl.=     300. Fit.= 0.89763
 iteration           37  OBJ=  -10444.771953645728 eff.=      71. Smpl.=     300. Fit.= 0.89756
 iteration           38  OBJ=  -10445.217737270155 eff.=      71. Smpl.=     300. Fit.= 0.89774
 iteration           39  OBJ=  -10452.078017256123 eff.=      71. Smpl.=     300. Fit.= 0.89788
 iteration           40  OBJ=  -10451.774005940993 eff.=      71. Smpl.=     300. Fit.= 0.89796
 iteration           41  OBJ=  -10449.108381559554 eff.=      71. Smpl.=     300. Fit.= 0.89837
 iteration           42  OBJ=  -10450.449424785909 eff.=      72. Smpl.=     300. Fit.= 0.89897
 iteration           43  OBJ=  -10455.975635727260 eff.=      73. Smpl.=     300. Fit.= 0.89883
 iteration           44  OBJ=  -10450.813304107121 eff.=      73. Smpl.=     300. Fit.= 0.89942
 iteration           45  OBJ=  -10456.592064593851 eff.=      74. Smpl.=     300. Fit.= 0.89990
 iteration           46  OBJ=  -10452.081680254772 eff.=      74. Smpl.=     300. Fit.= 0.89995
 iteration           47  OBJ=  -10447.509671803840 eff.=      73. Smpl.=     300. Fit.= 0.89993
 iteration           48  OBJ=  -10453.947724919242 eff.=      74. Smpl.=     300. Fit.= 0.89979
 iteration           49  OBJ=  -10451.892105944558 eff.=      73. Smpl.=     300. Fit.= 0.89934
 iteration           50  OBJ=  -10454.437626024857 eff.=      73. Smpl.=     300. Fit.= 0.89946

 #TERM:
 OPTIMIZATION WAS NOT COMPLETED


 ETABAR IS THE ARITHMETIC MEAN OF THE ETA-ESTIMATES,
 AND THE P-VALUE IS GIVEN FOR THE NULL HYPOTHESIS THAT THE TRUE MEAN IS 0.

 ETABAR:         6.7011E-05 -5.6113E-05 -2.1065E-04 -4.8257E-04  1.7787E-04
 SE:             4.9373E-03  3.2582E-05  1.5508E-02  1.5234E-02  5.0426E-03
 N:                     730         730         730         730         730

 P VAL.:         9.8917E-01  8.5033E-02  9.8916E-01  9.7473E-01  9.7186E-01

 ETASHRINKSD(%)  4.3025E+01  9.1197E+01  2.0263E+00  8.1176E+00  3.6891E+01
 ETASHRINKVR(%)  6.7538E+01  9.9225E+01  4.0116E+00  1.5576E+01  6.0172E+01
 EBVSHRINKSD(%)  4.2665E+01  9.2065E+01  2.0773E+00  8.0550E+00  3.7165E+01
 EBVSHRINKVR(%)  6.7127E+01  9.9370E+01  4.1114E+00  1.5461E+01  6.0518E+01
 RELATIVEINF(%)  3.2864E+01  6.0061E-01  1.0000E+02  6.1083E+01  2.7206E+01
 EPSSHRINKSD(%)  1.4455E+01
 EPSSHRINKVR(%)  2.6820E+01

  
 TOTAL DATA POINTS NORMALLY DISTRIBUTED (N):         6335
 N*LOG(2PI) CONSTANT TO OBJECTIVE FUNCTION:    11642.951215703202     
 OBJECTIVE FUNCTION VALUE WITHOUT CONSTANT:   -10454.437626024857     
 OBJECTIVE FUNCTION VALUE WITH CONSTANT:       1188.5135896783449     
 REPORTED OBJECTIVE FUNCTION DOES NOT CONTAIN CONSTANT
  
 TOTAL EFFECTIVE ETAS (NIND*NETA):                          3650
  
 #TERE:
 Elapsed estimation  time in seconds:   193.73
1
 
 
 
 
 
 
 
 
 
 
 
 
 
 
 
 
 
 
 
 
 ************************************************************************************************************************
 ********************                                                                                ********************
 ********************            IMPORTANCE SAMPLING ASSISTED BY MAP ESTIMATION (NO PRIOR)           ********************
 #OBJT:**************                        FINAL VALUE OF OBJECTIVE FUNCTION                       ********************
 ********************                                                                                ********************
 ************************************************************************************************************************
 





 #OBJV:********************************************   -10454.438       **************************************************
1
 ************************************************************************************************************************
 ********************                                                                                ********************
 ********************            IMPORTANCE SAMPLING ASSISTED BY MAP ESTIMATION (NO PRIOR)           ********************
 ********************                             FINAL PARAMETER ESTIMATE                           ********************
 ********************                                                                                ********************
 ************************************************************************************************************************
 


 THETA - VECTOR OF FIXED EFFECTS PARAMETERS   *********


         TH 1      TH 2      TH 3      TH 4      TH 5      TH 6      TH 7     
 
         1.00E+00  6.18E+00  1.22E+02  1.91E+00  6.73E-01 -5.02E-02  1.53E-01
 


 OMEGA - COV MATRIX FOR RANDOM EFFECTS - ETAS  ********


         ETA1      ETA2      ETA3      ETA4      ETA5     
 
 ETA1
+        5.48E-02
 
 ETA2
+        0.00E+00  1.00E-04
 
 ETA3
+        0.00E+00  0.00E+00  1.83E-01
 
 ETA4
+        0.00E+00  0.00E+00  1.41E-01  2.01E-01
 
 ETA5
+        0.00E+00  0.00E+00  1.24E-02  2.59E-02  4.66E-02
 


 SIGMA - COV MATRIX FOR RANDOM EFFECTS - EPSILONS  ****


         EPS1     
 
 EPS1
+        3.09E-02
 
1


 OMEGA - CORR MATRIX FOR RANDOM EFFECTS - ETAS  *******


         ETA1      ETA2      ETA3      ETA4      ETA5     
 
 ETA1
+        2.34E-01
 
 ETA2
+        0.00E+00  1.00E-02
 
 ETA3
+        0.00E+00  0.00E+00  4.28E-01
 
 ETA4
+        0.00E+00  0.00E+00  7.34E-01  4.48E-01
 
 ETA5
+        0.00E+00  0.00E+00  1.34E-01  2.68E-01  2.16E-01
 


 SIGMA - CORR MATRIX FOR RANDOM EFFECTS - EPSILONS  ***


         EPS1     
 
 EPS1
+        1.76E-01
 
1


 #TBLN:      2
 #METH: Objective Function Evaluation by Importance/MAP Sampling (No Prior)

 ESTIMATION STEP OMITTED:                 NO
 ANALYSIS TYPE:                           POPULATION
 NUMBER OF SADDLE POINT RESET ITERATIONS:      0
 GRADIENT METHOD USED:               NOSLOW
 CONDITIONAL ESTIMATES USED:              YES
 CENTERED ETA:                            NO
 EPS-ETA INTERACTION:                     YES
 LAPLACIAN OBJ. FUNC.:                    NO
 NO. OF FUNCT. EVALS. ALLOWED:            960
 NO. OF SIG. FIGURES REQUIRED:            3
 INTERMEDIATE PRINTOUT:                   YES
 ESTIMATE OUTPUT TO MSF:                  NO
 ABORT WITH PRED EXIT CODE 1:             NO
 IND. OBJ. FUNC. VALUES SORTED:           NO
 NUMERICAL DERIVATIVE
       FILE REQUEST (NUMDER):               NONE
 MAP (ETAHAT) ESTIMATION METHOD (OPTMAP):   0
 ETA HESSIAN EVALUATION METHOD (ETADER):    0
 INITIAL ETA FOR MAP ESTIMATION (MCETA):    3
 SIGDIGITS FOR MAP ESTIMATION (SIGLO):      100
 GRADIENT SIGDIGITS OF
       FIXED EFFECTS PARAMETERS (SIGL):     100
 NOPRIOR SETTING (NOPRIOR):                 1
 NOCOV SETTING (NOCOV):                     OFF
 DERCONT SETTING (DERCONT):                 OFF
 FINAL ETA RE-EVALUATION (FNLETA):          1
 EXCLUDE NON-INFLUENTIAL (NON-INFL.) ETAS
       IN SHRINKAGE (ETASTYPE):             NO
 NON-INFL. ETA CORRECTION (NONINFETA):      0
 RAW OUTPUT FILE (FILE): psn.ext
 EXCLUDE TITLE (NOTITLE):                   NO
 EXCLUDE COLUMN LABELS (NOLABEL):           NO
 FORMAT FOR ADDITIONAL FILES (FORMAT):      S1PE12.5
 PARAMETER ORDER FOR OUTPUTS (ORDER):       TSOL
 KNUTHSUMOFF:                               0
 INCLUDE LNTWOPI:                           NO
 INCLUDE CONSTANT TERM TO PRIOR (PRIORC):   NO
 INCLUDE CONSTANT TERM TO OMEGA (ETA) (OLNTWOPI):NO
 EM OR BAYESIAN METHOD USED:                IMPORTANCE SAMPLING ASSISTED BY MAP ESTIMATION (IMPMAP)
 MU MODELING PATTERN (MUM):
 GRADIENT/GIBBS PATTERN (GRD):
 AUTOMATIC SETTING FEATURE (AUTO):          1
 CONVERGENCE TYPE (CTYPE):                  3
 CONVERGENCE INTERVAL (CINTERVAL):          1
 CONVERGENCE ITERATIONS (CITER):            10
 CONVERGENCE ALPHA ERROR (CALPHA):          5.000000000000000E-02
 ITERATIONS (NITER):                        5
 ANNEAL SETTING (CONSTRAIN):                 1
 STARTING SEED FOR MC METHODS (SEED):       11456
 MC SAMPLES PER SUBJECT (ISAMPLE):          10000
 RANDOM SAMPLING METHOD (RANMETHOD):        3UP
 EXPECTATION ONLY (EONLY):                  1
 PROPOSAL DENSITY SCALING RANGE
              (ISCALE_MIN, ISCALE_MAX):     0.100000000000000       ,10.0000000000000
 SAMPLE ACCEPTANCE RATE (IACCEPT):          0.00000000000000
 LONG TAIL SAMPLE ACCEPT. RATE (IACCEPTL):   0.00000000000000
 T-DIST. PROPOSAL DENSITY (DF):             0
 NO. ITERATIONS FOR MAP (MAPITER):          1
 INTERVAL ITER. FOR MAP (MAPINTER):         0
 MAP COVARIANCE/MODE SETTING (MAPCOV):      1
 Gradient Quick Value (GRDQ):               0.00000000000000


 THE FOLLOWING LABELS ARE EQUIVALENT
 PRED=PREDI
 RES=RESI
 WRES=WRESI
 IWRS=IWRESI
 IPRD=IPREDI
 IRS=IRESI

 EM/BAYES SETUP:
 THETAS THAT ARE MU MODELED:
   2   3   4   5
 THETAS THAT ARE SIGMA-LIKE:
 

 MONITORING OF SEARCH:

 iteration            0  OBJ=  -10455.184620120091 eff.=   11730. Smpl.=   10000. Fit.= 0.97612
 iteration            1  OBJ=  -10454.469834454972 eff.=    3500. Smpl.=   10000. Fit.= 0.91705
 iteration            2  OBJ=  -10454.978453787637 eff.=    3018. Smpl.=   10000. Fit.= 0.90900
 iteration            3  OBJ=  -10453.660524515202 eff.=    2632. Smpl.=   10000. Fit.= 0.90199
 iteration            4  OBJ=  -10454.460953936910 eff.=    2412. Smpl.=   10000. Fit.= 0.89762
 iteration            5  OBJ=  -10454.086572396060 eff.=    2279. Smpl.=   10000. Fit.= 0.89488

 #TERM:
 EXPECTATION ONLY PROCESS WAS NOT COMPLETED


 ETABAR IS THE ARITHMETIC MEAN OF THE ETA-ESTIMATES,
 AND THE P-VALUE IS GIVEN FOR THE NULL HYPOTHESIS THAT THE TRUE MEAN IS 0.

 ETABAR:        -3.1836E-04 -6.8872E-05 -6.8837E-05 -5.9992E-04 -3.4920E-04
 SE:             4.9364E-03  2.2240E-05  1.5500E-02  1.5238E-02  4.9962E-03
 N:                     730         730         730         730         730

 P VAL.:         9.4858E-01  1.9567E-03  9.9646E-01  9.6859E-01  9.4428E-01

 ETASHRINKSD(%)  4.3036E+01  9.3991E+01  2.0726E+00  8.0983E+00  3.7471E+01
 ETASHRINKVR(%)  6.7551E+01  9.9639E+01  4.1023E+00  1.5541E+01  6.0901E+01
 EBVSHRINKSD(%)  4.3048E+01  9.5810E+01  2.0760E+00  8.0429E+00  3.7294E+01
 EBVSHRINKVR(%)  6.7564E+01  9.9824E+01  4.1088E+00  1.5439E+01  6.0679E+01
 RELATIVEINF(%)  3.2296E+01  1.4283E-01  1.0000E+02  5.4992E+01  2.3772E+01
 EPSSHRINKSD(%)  1.4595E+01
 EPSSHRINKVR(%)  2.7060E+01

  
 TOTAL DATA POINTS NORMALLY DISTRIBUTED (N):         6335
 N*LOG(2PI) CONSTANT TO OBJECTIVE FUNCTION:    11642.951215703202     
 OBJECTIVE FUNCTION VALUE WITHOUT CONSTANT:   -10454.086572396060     
 OBJECTIVE FUNCTION VALUE WITH CONSTANT:       1188.8646433071426     
 REPORTED OBJECTIVE FUNCTION DOES NOT CONTAIN CONSTANT
  
 TOTAL EFFECTIVE ETAS (NIND*NETA):                          3650
  
 #TERE:
 Elapsed estimation  time in seconds:   110.31
1
 
 
 
 
 
 
 
 
 
 
 
 
 
 
 
 
 
 
 
 
 ************************************************************************************************************************
 ********************                                                                                ********************
 ********************       OBJECTIVE FUNCTION EVALUATION BY IMPORTANCE/MAP SAMPLING (NO PRIOR)      ********************
 #OBJT:**************                        FINAL VALUE OF OBJECTIVE FUNCTION                       ********************
 ********************                                                                                ********************
 ************************************************************************************************************************
 





 #OBJV:********************************************   -10454.087       **************************************************
1
 ************************************************************************************************************************
 ********************                                                                                ********************
 ********************       OBJECTIVE FUNCTION EVALUATION BY IMPORTANCE/MAP SAMPLING (NO PRIOR)      ********************
 ********************                             FINAL PARAMETER ESTIMATE                           ********************
 ********************                                                                                ********************
 ************************************************************************************************************************
 


 THETA - VECTOR OF FIXED EFFECTS PARAMETERS   *********


         TH 1      TH 2      TH 3      TH 4      TH 5      TH 6      TH 7     
 
         1.00E+00  6.18E+00  1.22E+02  1.91E+00  6.73E-01 -5.02E-02  1.53E-01
 


 OMEGA - COV MATRIX FOR RANDOM EFFECTS - ETAS  ********


         ETA1      ETA2      ETA3      ETA4      ETA5     
 
 ETA1
+        5.48E-02
 
 ETA2
+        0.00E+00  1.00E-04
 
 ETA3
+        0.00E+00  0.00E+00  1.83E-01
 
 ETA4
+        0.00E+00  0.00E+00  1.41E-01  2.01E-01
 
 ETA5
+        0.00E+00  0.00E+00  1.24E-02  2.59E-02  4.66E-02
 


 SIGMA - COV MATRIX FOR RANDOM EFFECTS - EPSILONS  ****


         EPS1     
 
 EPS1
+        3.09E-02
 
1


 OMEGA - CORR MATRIX FOR RANDOM EFFECTS - ETAS  *******


         ETA1      ETA2      ETA3      ETA4      ETA5     
 
 ETA1
+        2.34E-01
 
 ETA2
+        0.00E+00  1.00E-02
 
 ETA3
+        0.00E+00  0.00E+00  4.28E-01
 
 ETA4
+        0.00E+00  0.00E+00  7.34E-01  4.48E-01
 
 ETA5
+        0.00E+00  0.00E+00  1.34E-01  2.68E-01  2.16E-01
 


 SIGMA - CORR MATRIX FOR RANDOM EFFECTS - EPSILONS  ***


         EPS1     
 
 EPS1
+        1.76E-01
 
 Elapsed postprocess time in seconds:     0.00
 Elapsed finaloutput time in seconds:     0.00
 #CPUT: Total CPU Time in Seconds,     2017.772
Stop Time:
Wed May 13 08:56:45 CEST 2026
