Tue Jun 18 17:23:54 CEST 2024
;; 1. Based on: 4
;; 2. Description:
;;    Adding genotype on CL as a mechanistic covariate
;; 3. Label:
;;    SimVal base model
;------------------------------------------------------------------------------
$PROBLEM    run 5
$INPUT      REF ROWNR ID STUDYIDN TSFDH TIME TSFDNH TSLDH DAY TYPE
            EVID ODV DV LLOQ BLQ AMT RATE DOSEVN DOSENN TRTN FORMN
            FOODDN SEXN RACEN RACELN RACEL1N RACEL2N RACEL3N ETHNICHN
            HTCMBL AGEYBL WTKGBL BMIBL GENON GENO1N GENO2N GENO3N
            GENO4N SMOK ALTBL ASTBL BILIBL CRCLBL NCIN NCI0N NCI1N
            NCI2N NCILN ADTM=DROP DATETIME=DROP USUBJID=DROP
$DATA      DAT-1b-PMX-REP-PMX-2.csv IGNORE=@ IGNORE(TRTN.EQN.2)
            IGNORE(BLQ.EQN.1) IGNORE=(ID.EQN.895)
$SUBROUTINE ADVAN2 TRANS2
$PK
TVFREL  = THETA(1)

CLWT    =  (WTKGBL/75)**THETA(2)
CLGENO1 = 1
CLGENO2 = 1
CLGENO3 = 1
CLGENO4 = 1
IF(GENO1N.EQ.1) CLGENO1 = (1+THETA(8))
IF(GENO3N.EQ.1) CLGENO3 = (1+THETA(9))
IF(GENO4N.EQ.1) CLGENO4 = (1+THETA(10))

CLCOV1 = CLWT*CLGENO1*CLGENO2*CLGENO3*CLGENO4

VWT   = (WTKGBL/75)**THETA(3)
VCOV1  = VWT

TVCL    = THETA(4) * CLCOV1
TVV     = THETA(5) * VCOV1
TVMAT   = THETA(6)
TVD1    = THETA(7)

FREL  = TVFREL  * EXP(ETA(2))
CL    = TVCL    * EXP(ETA(3))
V     = TVV     * EXP(ETA(4))
MAT   = TVMAT   * EXP(ETA(5))
D1    = MAT*(1-TVD1)

F1    = FREL
KA    = 1 / (MAT-D1)
S2    = V

$ERROR
CP    = A(2)*1000 / V
IPRED = LOG(CP + 0.00001)
Y     = IPRED + EPS(1) * EXP(ETA(1))

$THETA  1 FIX ; 1. TVFREL
$THETA  0.75 FIX ; 2. WTKGBL coef on TVCL
$THETA  1 FIX ; 3. WTKGBL coef on TVV
$THETA  (0,12.9322) ; 4. TVCL
$THETA  (0,194.517) ; 5. TVV
$THETA  (0,6.60379) ; 6. TVMAT
$THETA  (0,0.620387,1) ; 7 TVD1
$THETA  (-1,0.01) ; GENO1N=1 on CL
$THETA  (-1,0.01) ; GENO3N=1 on CL
$THETA  (-1,0.01) ; GENO4N=1 on CL
$OMEGA  0.0222044  ; 1. IIV on RUV
$OMEGA  0.408307  ; 2. IIV on FREL
$OMEGA  0.146483  ; 3. IIV on CL
$OMEGA  0.0850437  ; 4. IIV on V
$OMEGA  0.141458  ; 5. IIV on MAT
$SIGMA  0.0487785  ;     1. RUV
$ESTIMATION METHOD=1 INTER ETASTYPE=1 MAXEVAL=9999 PRINT=1 NOABORT
$COVARIANCE PRINT=E MATRIX=S UNCONDITIONAL
$TABLE      REF ID STUDYIDN TSFDH TIME TSFDNH TSLDH DAY TYPE EVID DV
            LLOQ BLQ AMT RATE DOSEVN DOSENN TRTN FORMN FOODDN SEXN
            RACEN ETHNICHN HTCMBL AGEYBL WTKGBL BMIBL GENON SMOK ALTBL
            ASTBL BILIBL CRCLBL GENO1N GENO2N GENO3N GENO4N NCIN NCILN
            CPRED CIPREDI CWRES CIWRES ETAS(1:LAST) NOPRINT ONEHEADER
            FILE=xptab5


NM-TRAN MESSAGES
  
 WARNINGS AND ERRORS (IF ANY) FOR PROBLEM    1
             
 (WARNING  2) NM-TRAN INFERS THAT THE DATA ARE POPULATION.

License Registered to: Pharmetheus AB
Expiration Date:    14 DEC 2024
Current Date:       18 JUN 2024
Days until program expires : 176
1NONLINEAR MIXED EFFECTS MODEL PROGRAM (NONMEM) VERSION 7.5.0
 ORIGINALLY DEVELOPED BY STUART BEAL, LEWIS SHEINER, AND ALISON BOECKMANN
 CURRENT DEVELOPERS ARE ROBERT BAUER, ICON DEVELOPMENT SOLUTIONS,
 AND ALISON BOECKMANN. IMPLEMENTATION, EFFICIENCY, AND STANDARDIZATION
 PERFORMED BY NOUS INFOSYSTEMS.

 PROBLEM NO.:         1
 run 5
0DATA CHECKOUT RUN:              NO
 DATA SET LOCATED ON UNIT NO.:    2
 THIS UNIT TO BE REWOUND:        NO
 NO. OF DATA RECS IN DATA SET:    33885
 NO. OF DATA ITEMS IN DATA SET:  49
 ID DATA ITEM IS DATA ITEM NO.:   3
 DEP VARIABLE IS DATA ITEM NO.:  13
 MDV DATA ITEM IS DATA ITEM NO.: 49
0INDICES PASSED TO SUBROUTINE PRED:
  11   6  16  17   0   0   0   0   0   0   0
0LABELS FOR DATA ITEMS:
 REF ROWNR ID STUDYIDN TSFDH TIME TSFDNH TSLDH DAY TYPE EVID ODV DV LLOQ BLQ AMT RATE DOSEVN DOSENN TRTN FORMN FOODDN SEXN
 RACEN RACELN RACEL1N RACEL2N RACEL3N ETHNICHN HTCMBL AGEYBL WTKGBL BMIBL GENON GENO1N GENO2N GENO3N GENO4N SMOK ALTBL
 ASTBL BILIBL CRCLBL NCIN NCI0N NCI1N NCI2N NCILN MDV
0FORMAT FOR DATA:
 (5(8E9.0/),8E9.0,1F2.0)

 TOT. NO. OF OBS RECS:     6284
 TOT. NO. OF INDIVIDUALS:      754
0LENGTH OF THETA:  10
0DEFAULT THETA BOUNDARY TEST OMITTED:    NO
0OMEGA HAS SIMPLE DIAGONAL FORM WITH DIMENSION:   5
0DEFAULT OMEGA BOUNDARY TEST OMITTED:    NO
0SIGMA HAS SIMPLE DIAGONAL FORM WITH DIMENSION:   1
0DEFAULT SIGMA BOUNDARY TEST OMITTED:    NO
0INITIAL ESTIMATE OF THETA:
 LOWER BOUND    INITIAL EST    UPPER BOUND
  0.1000E+01     0.1000E+01     0.1000E+01
  0.7500E+00     0.7500E+00     0.7500E+00
  0.1000E+01     0.1000E+01     0.1000E+01
  0.0000E+00     0.1293E+02     0.1000E+07
  0.0000E+00     0.1945E+03     0.1000E+07
  0.0000E+00     0.6604E+01     0.1000E+07
  0.0000E+00     0.6204E+00     0.1000E+01
 -0.1000E+01     0.1000E-01     0.1000E+07
 -0.1000E+01     0.1000E-01     0.1000E+07
 -0.1000E+01     0.1000E-01     0.1000E+07
0INITIAL ESTIMATE OF OMEGA:
 0.2220E-01
 0.0000E+00   0.4083E+00
 0.0000E+00   0.0000E+00   0.1465E+00
 0.0000E+00   0.0000E+00   0.0000E+00   0.8504E-01
 0.0000E+00   0.0000E+00   0.0000E+00   0.0000E+00   0.1415E+00
0INITIAL ESTIMATE OF SIGMA:
 0.4878E-01
0COVARIANCE STEP OMITTED:        NO
 R MATRIX SUBSTITUTED:           NO
 S MATRIX SUBSTITUTED:          YES
 EIGENVLS. PRINTED:             YES
 SPECIAL COMPUTATION:            NO
 COMPRESSED FORMAT:              NO
 GRADIENT METHOD USED:     NOSLOW
 SIGDIGITS ETAHAT (SIGLO):                  -1
 SIGDIGITS GRADIENTS (SIGL):                -1
 EXCLUDE COV FOR FOCE (NOFCOV):              NO
 Cholesky Transposition of R Matrix (CHOLROFF):0
 KNUTHSUMOFF:                                -1
 RESUME COV ANALYSIS (RESUME):               NO
 SIR SAMPLE SIZE (SIRSAMPLE):
 NON-LINEARLY TRANSFORM THETAS DURING COV (THBND): 1
 PRECONDTIONING CYCLES (PRECOND):        0
 PRECONDTIONING TYPES (PRECONDS):        TOS
 FORCED PRECONDTIONING CYCLES (PFCOND):0
 PRECONDTIONING TYPE (PRETYPE):        0
 FORCED POS. DEFINITE SETTING DURING PRECONDITIONING: (FPOSDEF):0
 SIMPLE POS. DEFINITE SETTING: (POSDEF):-1
0TABLES STEP OMITTED:    NO
 NO. OF TABLES:           1
 SEED NUMBER (SEED):    11456
 RANMETHOD:             3U
 MC SAMPLES (ESAMPLE):    300
 WRES SQUARE ROOT TYPE (WRESCHOL): EIGENVALUE
0-- TABLE   1 --
0RECORDS ONLY:    ALL
04 COLUMNS APPENDED:    YES
 PRINTED:                NO
 HEADERS:               ONE
 FILE TO BE FORWARDED:   NO
 FORMAT:                S1PE11.4
 IDFORMAT:
 LFORMAT:
 RFORMAT:
 FIXED_EFFECT_ETAS:
0USER-CHOSEN ITEMS:
 REF ID STUDYIDN TSFDH TIME TSFDNH TSLDH DAY TYPE EVID DV LLOQ BLQ AMT RATE DOSEVN DOSENN TRTN FORMN FOODDN SEXN RACEN
 ETHNICHN HTCMBL AGEYBL WTKGBL BMIBL GENON SMOK ALTBL ASTBL BILIBL CRCLBL GENO1N GENO2N GENO3N GENO4N NCIN NCILN CPRED
 CIPREDI CWRES CIWRES ETA1 ETA2 ETA3 ETA4 ETA5
1DOUBLE PRECISION PREDPP VERSION 7.5.0

 ONE COMPARTMENT MODEL WITH FIRST-ORDER ABSORPTION (ADVAN2)
0MAXIMUM NO. OF BASIC PK PARAMETERS:   3
0BASIC PK PARAMETERS (AFTER TRANSLATION):
   ELIMINATION RATE (K) IS BASIC PK PARAMETER NO.:  1
   ABSORPTION RATE (KA) IS BASIC PK PARAMETER NO.:  3

 TRANSLATOR WILL CONVERT PARAMETERS
 CLEARANCE (CL) AND VOLUME (V) TO K (TRANS2)
0COMPARTMENT ATTRIBUTES
 COMPT. NO.   FUNCTION   INITIAL    ON/OFF      DOSE      DEFAULT    DEFAULT
                         STATUS     ALLOWED    ALLOWED    FOR DOSE   FOR OBS.
    1         DEPOT        OFF        YES        YES        YES        NO
    2         CENTRAL      ON         NO         YES        NO         YES
    3         OUTPUT       OFF        YES        NO         NO         NO
1
 ADDITIONAL PK PARAMETERS - ASSIGNMENT OF ROWS IN GG
 COMPT. NO.                             INDICES
              SCALE      BIOAVAIL.   ZERO-ORDER  ZERO-ORDER  ABSORB
                         FRACTION    RATE        DURATION    LAG
    1            *           5           *           4           *
    2            6           *           *           *           *
    3            *           -           -           -           -
             - PARAMETER IS NOT ALLOWED FOR THIS MODEL
             * PARAMETER IS NOT SUPPLIED BY PK SUBROUTINE;
               WILL DEFAULT TO ONE IF APPLICABLE
0DATA ITEM INDICES USED BY PRED ARE:
   EVENT ID DATA ITEM IS DATA ITEM NO.:     11
   TIME DATA ITEM IS DATA ITEM NO.:          6
   DOSE AMOUNT DATA ITEM IS DATA ITEM NO.:  16
   DOSE RATE DATA ITEM IS DATA ITEM NO.:    17

0PK SUBROUTINE CALLED WITH EVERY EVENT RECORD.
 PK SUBROUTINE NOT CALLED AT NONEVENT (ADDITIONAL OR LAGGED) DOSE TIMES.
0ERROR SUBROUTINE CALLED WITH EVERY EVENT RECORD.
0ERROR SUBROUTINE INDICATES THAT DERIVATIVES OF COMPARTMENT AMOUNTS ARE USED.

 #PARA: PARAFILE=/usr/local/arch/nonmem/nonmem-7.5.0g75om31/run/mpilinux8.pnm, PROTOCOL=MPI, NODES= 2

1


 #TBLN:      1
 #METH: First Order Conditional Estimation with Interaction

 ESTIMATION STEP OMITTED:                 NO
 ANALYSIS TYPE:                           POPULATION
 NUMBER OF SADDLE POINT RESET ITERATIONS:      0
 GRADIENT METHOD USED:               NOSLOW
 CONDITIONAL ESTIMATES USED:              YES
 CENTERED ETA:                            NO
 EPS-ETA INTERACTION:                     YES
 LAPLACIAN OBJ. FUNC.:                    NO
 NO. OF FUNCT. EVALS. ALLOWED:            9999
 NO. OF SIG. FIGURES REQUIRED:            3
 INTERMEDIATE PRINTOUT:                   YES
 ESTIMATE OUTPUT TO MSF:                  NO
 ABORT WITH PRED EXIT CODE 1:             NO
 IND. OBJ. FUNC. VALUES SORTED:           NO
 NUMERICAL DERIVATIVE
       FILE REQUEST (NUMDER):               NONE
 MAP (ETAHAT) ESTIMATION METHOD (OPTMAP):   0
 ETA HESSIAN EVALUATION METHOD (ETADER):    0
 INITIAL ETA FOR MAP ESTIMATION (MCETA):    0
 SIGDIGITS FOR MAP ESTIMATION (SIGLO):      100
 GRADIENT SIGDIGITS OF
       FIXED EFFECTS PARAMETERS (SIGL):     100
 NOPRIOR SETTING (NOPRIOR):                 0
 NOCOV SETTING (NOCOV):                     OFF
 DERCONT SETTING (DERCONT):                 OFF
 FINAL ETA RE-EVALUATION (FNLETA):          1
 EXCLUDE NON-INFLUENTIAL (NON-INFL.) ETAS
       IN SHRINKAGE (ETASTYPE):             YES
 NON-INFL. ETA CORRECTION (NONINFETA):      0
 RAW OUTPUT FILE (FILE): psn.ext
 EXCLUDE TITLE (NOTITLE):                   NO
 EXCLUDE COLUMN LABELS (NOLABEL):           NO
 FORMAT FOR ADDITIONAL FILES (FORMAT):      S1PE12.5
 PARAMETER ORDER FOR OUTPUTS (ORDER):       TSOL
 KNUTHSUMOFF:                               0
 INCLUDE LNTWOPI:                           NO
 INCLUDE CONSTANT TERM TO PRIOR (PRIORC):   NO
 INCLUDE CONSTANT TERM TO OMEGA (ETA) (OLNTWOPI):NO
 ADDITIONAL CONVERGENCE TEST (CTYPE=4)?:    NO
 EM OR BAYESIAN METHOD USED:                 NONE


 THE FOLLOWING LABELS ARE EQUIVALENT
 PRED=PREDI
 RES=RESI
 WRES=WRESI
 IWRS=IWRESI
 IPRD=IPREDI
 IRS=IRESI

 MONITORING OF SEARCH:


0ITERATION NO.:    0    OBJECTIVE VALUE:  -6390.62381214206        NO. OF FUNC. EVALS.:  10
 CUMULATIVE NO. OF FUNC. EVALS.:       10
 NPARAMETR:  1.2932E+01  1.9452E+02  6.6038E+00  6.2039E-01  1.0000E-02  1.0000E-02  1.0000E-02  2.2204E-02  4.0831E-01  1.4648E-01
             8.5044E-02  1.4146E-01  4.8779E-02
 PARAMETER:  1.0000E-01  1.0000E-01  1.0000E-01  1.0000E-01  1.0000E-01  1.0000E-01  1.0000E-01  1.0000E-01  1.0000E-01  1.0000E-01
             1.0000E-01  1.0000E-01  1.0000E-01
 GRADIENT:   3.3795E+01  4.9003E+00  8.7736E+00 -7.5766E-01 -1.3052E+02  1.4915E+02  2.5377E+02  1.6544E-02 -2.4799E+00 -2.0943E+00
             1.5880E-01 -7.4803E-02  1.0271E+00

0ITERATION NO.:    1    OBJECTIVE VALUE:  -6521.95183948781        NO. OF FUNC. EVALS.:  11
 CUMULATIVE NO. OF FUNC. EVALS.:       21
 NPARAMETR:  1.1939E+01  1.9228E+02  6.4682E+00  6.2081E-01  3.7514E-01 -2.9014E-01 -4.4570E-01  2.2203E-02  4.1312E-01  1.4794E-01
             8.4980E-02  1.4151E-01  4.8542E-02
 PARAMETER:  2.0096E-02  8.8414E-02  7.9256E-02  1.0179E-01  4.0860E-01 -2.5264E-01 -5.0000E-01  9.9961E-02  1.0586E-01  1.0495E-01
             9.9625E-02  1.0018E-01  9.7572E-02
 GRADIENT:  -5.7343E+02  3.4947E+02  4.8517E-01  6.5001E+01 -8.5324E+01 -6.7329E+01  1.0918E+02 -2.6898E+00  1.6260E+02  9.0196E+01
            -3.2000E+01  2.3941E+00 -2.2324E+01

0ITERATION NO.:    2    OBJECTIVE VALUE:  -6557.82974571574        NO. OF FUNC. EVALS.:  11
 CUMULATIVE NO. OF FUNC. EVALS.:       32
 NPARAMETR:  1.2681E+01  1.8534E+02  6.4679E+00  6.1920E-01  3.8753E-01 -2.8510E-01 -4.5203E-01  2.2215E-02  3.9924E-01  1.4516E-01
             8.5554E-02  1.4144E-01  4.8771E-02
 PARAMETER:  8.0382E-02  5.1673E-02  7.9205E-02  9.4958E-02  4.1757E-01 -2.4556E-01 -5.1148E-01  1.0024E-01  8.8769E-02  9.5469E-02
             1.0299E-01  9.9925E-02  9.9918E-02
 GRADIENT:  -1.4458E+02  8.1887E-01 -1.4551E+02  3.0240E+01 -7.1292E+01 -1.9275E+01  1.2812E+02  3.2677E-01  1.4655E+02  1.5059E+02
            -4.5457E+00  2.7972E+00  8.1692E+00

0ITERATION NO.:    3    OBJECTIVE VALUE:  -6578.57253187700        NO. OF FUNC. EVALS.:  11
 CUMULATIVE NO. OF FUNC. EVALS.:       43
 NPARAMETR:  1.3658E+01  1.9022E+02  7.2838E+00  6.1454E-01  4.6112E-01 -2.7749E-01 -5.0231E-01  2.2194E-02  3.2219E-01  1.1510E-01
             8.5771E-02  1.4084E-01  4.7961E-02
 PARAMETER:  1.5462E-01  7.7682E-02  1.9801E-01  7.5237E-02  4.6925E-01 -2.3497E-01 -6.0772E-01  9.9772E-02 -1.8438E-02 -2.0567E-02
             1.0426E-01  9.7825E-02  9.1546E-02
 GRADIENT:   7.7037E+00  1.2031E+02  5.7622E+02 -8.9348E+01 -6.8585E+01  8.6678E+00  1.4939E+02 -9.3318E+00 -1.1063E+01  8.0956E+01
            -3.4677E+01 -7.1089E+01 -9.8511E+01

0ITERATION NO.:    4    OBJECTIVE VALUE:  -6611.50408639977        NO. OF FUNC. EVALS.:  11
 CUMULATIVE NO. OF FUNC. EVALS.:       54
 NPARAMETR:  1.3988E+01  1.9446E+02  7.0635E+00  6.1658E-01  5.5076E-01 -2.7557E-01 -5.5866E-01  2.2268E-02  2.7105E-01  8.9924E-02
             8.7041E-02  1.4540E-01  4.9407E-02
 PARAMETER:  1.7845E-01  9.9707E-02  1.6730E-01  8.3849E-02  5.2879E-01 -2.3232E-01 -7.2789E-01  1.0144E-01 -1.0485E-01 -1.4397E-01
             1.1161E-01  1.1374E-01  1.0641E-01
 GRADIENT:   8.9404E+01  1.1618E+02  3.7018E+02 -5.1178E+01 -7.0991E+01  2.3449E+01  1.5459E+02  7.0848E+00 -1.5602E+02 -1.1005E+01
            -7.8693E+01 -3.4001E+01  7.0427E+01

0ITERATION NO.:    5    OBJECTIVE VALUE:  -6625.14055954431        NO. OF FUNC. EVALS.:  12
 CUMULATIVE NO. OF FUNC. EVALS.:       66
 NPARAMETR:  1.4032E+01  1.9272E+02  6.9988E+00  6.1645E-01  6.3877E-01 -2.7757E-01 -6.0491E-01  2.2084E-02  2.6650E-01  7.8945E-02
             9.2105E-02  1.4690E-01  4.5209E-02
 PARAMETER:  1.8160E-01  9.0726E-02  1.5809E-01  8.3327E-02  5.8400E-01 -2.3508E-01 -8.3860E-01  9.7274E-02 -1.1332E-01 -2.0908E-01
             1.3988E-01  1.1886E-01  6.1999E-02
 GRADIENT:   1.4557E+02  5.7153E+01  2.8676E+02 -3.3895E+01 -5.5265E+01  3.1000E+01  1.3395E+02 -4.9427E+01 -1.6327E+02 -2.5515E+01
            -9.0056E+01 -2.7093E+01 -4.7050E+02

0ITERATION NO.:    6    OBJECTIVE VALUE:  -6667.99446505788        NO. OF FUNC. EVALS.:  11
 CUMULATIVE NO. OF FUNC. EVALS.:       77
 NPARAMETR:  1.3826E+01  1.7679E+02  7.2312E+00  6.0850E-01  1.2376E+00 -2.9585E-01 -7.8896E-01  2.2401E-02  3.0634E-01  4.4727E-02
             1.4013E-01  1.4941E-01  4.8589E-02
 PARAMETER:  1.6686E-01  4.4545E-03  1.9077E-01  4.9835E-02  8.9545E-01 -2.6071E-01 -1.4657E+00  1.0440E-01 -4.3667E-02 -4.9316E-01
             3.4970E-01  1.2734E-01  9.8050E-02
 GRADIENT:   2.4580E+02 -1.7306E+02  3.4301E+02 -1.1168E+02  2.9760E+01  4.3723E+01 -3.7296E+01  1.5342E+00  4.6724E+01 -1.5447E+01
            -9.3231E+01  2.3693E-01 -1.2993E+01

0ITERATION NO.:    7    OBJECTIVE VALUE:  -6676.99595133116        NO. OF FUNC. EVALS.:  11
 CUMULATIVE NO. OF FUNC. EVALS.:       88
 NPARAMETR:  1.3976E+01  1.8158E+02  7.1626E+00  6.1268E-01  1.3550E+00 -3.1036E-01 -8.0676E-01  2.2350E-02  2.7669E-01  4.4686E-02
             2.0249E-01  1.3433E-01  4.8693E-02
 PARAMETER:  1.7763E-01  3.1182E-02  1.8123E-01  6.7382E-02  9.4661E-01 -2.8153E-01 -1.5538E+00  1.0326E-01 -9.4567E-02 -4.9362E-01
             5.3375E-01  7.4157E-02  9.9119E-02
 GRADIENT:   2.4263E+02 -1.4972E+02  3.5131E+02 -9.4469E+01  3.2300E+01  4.2855E+01 -2.7318E+01  2.9531E+00 -2.5453E+01 -1.7154E+00
             2.7604E+01 -4.8264E+01  5.3008E+00

0ITERATION NO.:    8    OBJECTIVE VALUE:  -6677.57604383866        NO. OF FUNC. EVALS.:  11
 CUMULATIVE NO. OF FUNC. EVALS.:       99
 NPARAMETR:  1.4496E+01  1.9028E+02  7.1053E+00  6.1246E-01  1.3716E+00 -3.2945E-01 -8.1078E-01  2.2252E-02  2.8515E-01  4.6451E-02
             2.0412E-01  1.3660E-01  4.8699E-02
 PARAMETER:  2.1417E-01  7.7954E-02  1.7320E-01  6.6467E-02  9.5362E-01 -3.0960E-01 -1.5748E+00  1.0108E-01 -7.9510E-02 -4.7426E-01
             5.3776E-01  8.2518E-02  9.9180E-02
 GRADIENT:   3.4770E+02 -1.1977E+02  3.3952E+02 -9.3982E+01  3.8071E+01  3.2619E+01 -2.7782E+01  2.3537E+00  1.1605E+01  1.9951E+00
             2.5507E+01 -3.6322E+01  6.2550E+00

0ITERATION NO.:    9    OBJECTIVE VALUE:  -6677.67863047219        NO. OF FUNC. EVALS.:  12
 CUMULATIVE NO. OF FUNC. EVALS.:      111
 NPARAMETR:  1.4501E+01  1.9071E+02  7.0957E+00  6.1090E-01  1.3732E+00 -3.4051E-01 -8.1329E-01  2.2176E-02  2.7842E-01  4.8357E-02
             2.0146E-01  1.3757E-01  4.8707E-02
 PARAMETER:  2.1451E-01  8.0240E-02  1.7184E-01  5.9911E-02  9.5427E-01 -3.2624E-01 -1.5881E+00  9.9361E-02 -9.1436E-02 -4.5415E-01
             5.3121E-01  8.6072E-02  9.9263E-02
 GRADIENT:   3.3289E+02 -1.1074E+02  3.4114E+02 -9.5682E+01  3.7978E+01  2.1397E+01 -3.0291E+01  1.8402E+00 -3.9997E-01 -6.8316E-02
             1.8800E+01 -3.2264E+01  5.6665E+00

0ITERATION NO.:   10    OBJECTIVE VALUE:  -6678.04737824961        NO. OF FUNC. EVALS.:  12
 CUMULATIVE NO. OF FUNC. EVALS.:      123
 NPARAMETR:  1.4524E+01  1.9250E+02  7.0740E+00  6.1115E-01  1.3629E+00 -3.2755E-01 -8.1730E-01  2.2084E-02  2.7306E-01  5.1210E-02
             1.9675E-01  1.3576E-01  4.8748E-02
 PARAMETER:  2.1610E-01  8.9551E-02  1.6878E-01  6.0966E-02  9.4996E-01 -3.0678E-01 -1.6099E+00  9.7287E-02 -1.0116E-01 -4.2549E-01
             5.1939E-01  7.9442E-02  9.9691E-02
 GRADIENT:   3.2352E+02 -9.2360E+01  3.4070E+02 -9.1668E+01  3.6306E+01  3.3460E+01 -3.6179E+01  1.2549E+00 -8.5664E+00 -1.1174E+00
             9.0005E+00 -4.0606E+01  4.4699E+00

0ITERATION NO.:   11    OBJECTIVE VALUE:  -6678.53002176185        NO. OF FUNC. EVALS.:  12
 CUMULATIVE NO. OF FUNC. EVALS.:      135
 NPARAMETR:  1.4508E+01  1.9281E+02  7.0871E+00  6.1227E-01  1.3434E+00 -3.1988E-01 -8.1802E-01  2.2050E-02  2.7084E-01  5.2395E-02
             1.9871E-01  1.4263E-01  4.8728E-02
 PARAMETER:  2.1500E-01  9.1175E-02  1.7064E-01  6.5654E-02  9.4164E-01 -2.9544E-01 -1.6138E+00  9.6506E-02 -1.0524E-01 -4.1405E-01
             5.2433E-01  1.0412E-01  9.9480E-02
 GRADIENT:   3.1015E+02 -8.4244E+01  3.3402E+02 -8.8123E+01  3.2717E+01  4.0539E+01 -3.6226E+01  1.2097E+00 -1.0981E+01  5.7997E-01
             1.7072E+01 -1.0297E+01  5.6231E+00

0ITERATION NO.:   12    OBJECTIVE VALUE:  -6686.15117012919        NO. OF FUNC. EVALS.:  11
 CUMULATIVE NO. OF FUNC. EVALS.:      146
 NPARAMETR:  1.4401E+01  1.9089E+02  7.0666E+00  6.2642E-01  1.1969E+00 -3.3294E-01 -8.1420E-01  2.1985E-02  2.7563E-01  5.3459E-02
             1.9300E-01  1.4065E-01  4.8833E-02
 PARAMETER:  2.0757E-01  8.1160E-02  1.6773E-01  1.2569E-01  8.7711E-01 -3.1483E-01 -1.5930E+00  9.5046E-02 -9.6473E-02 -4.0399E-01
             5.0976E-01  9.7151E-02  1.0055E-01
 GRADIENT:   2.3118E+02 -6.5279E+01  2.6469E+02 -2.9630E+01  1.5472E+01  1.9432E+01 -3.5582E+01  7.0166E-01  4.2470E+00  3.7357E+00
             7.8815E+00 -1.6167E+01  7.3830E+00

0ITERATION NO.:   13    OBJECTIVE VALUE:  -6695.79801401876        NO. OF FUNC. EVALS.:  11
 CUMULATIVE NO. OF FUNC. EVALS.:      157
 NPARAMETR:  1.4135E+01  1.9314E+02  6.8164E+00  6.1050E-01  1.0911E+00 -3.2920E-01 -8.0217E-01  2.2014E-02  2.8270E-01  5.3920E-02
             1.9072E-01  1.3638E-01  4.8631E-02
 PARAMETER:  1.8893E-01  9.2881E-02  1.3169E-01  5.8218E-02  8.2774E-01 -3.0923E-01 -1.5303E+00  9.5698E-02 -8.3822E-02 -3.9970E-01
             5.0383E-01  8.1704E-02  9.8489E-02
 GRADIENT:   1.3139E+02 -4.1455E+01  1.5267E+02 -4.5240E+01  1.4937E+00  1.1476E+01 -2.5661E+01 -1.1273E+00  2.2522E+01  8.8415E+00
             7.8807E+00 -1.4173E+01 -1.0142E+01

0ITERATION NO.:   14    OBJECTIVE VALUE:  -6697.42464188444        NO. OF FUNC. EVALS.:  11
 CUMULATIVE NO. OF FUNC. EVALS.:      168
 NPARAMETR:  1.3821E+01  1.9477E+02  6.7451E+00  6.2000E-01  1.6322E+00 -3.1343E-01 -7.7459E-01  2.2344E-02  2.7663E-01  6.1087E-02
             1.7565E-01  1.3911E-01  4.8799E-02
 PARAMETER:  1.6646E-01  1.0132E-01  1.2117E-01  9.8346E-02  1.0579E+00 -2.8599E-01 -1.3998E+00  1.0313E-01 -9.4664E-02 -3.3731E-01
             4.6267E-01  9.1625E-02  1.0021E-01
 GRADIENT:   2.7554E+01  1.6808E+01  8.1317E+01  1.3548E-01  5.2836E+01  5.2014E+00 -5.2665E-01  2.9564E+00  1.1896E+01  1.0089E+01
            -1.6015E+01 -7.3939E+00  1.3575E+01

0ITERATION NO.:   15    OBJECTIVE VALUE:  -6700.22377524298        NO. OF FUNC. EVALS.:  12
 CUMULATIVE NO. OF FUNC. EVALS.:      180
 NPARAMETR:  1.3788E+01  1.9360E+02  6.6917E+00  6.1720E-01  1.3907E+00 -3.1656E-01 -7.7369E-01  1.8851E-02  2.8043E-01  5.6817E-02
             1.7992E-01  1.3770E-01  4.9601E-02
 PARAMETER:  1.6408E-01  9.5289E-02  1.1323E-01  8.6480E-02  9.6162E-01 -2.9056E-01 -1.3958E+00  1.8140E-02 -8.7839E-02 -3.7354E-01
             4.7468E-01  8.6552E-02  1.0836E-01
 GRADIENT:   1.9724E+01 -2.3985E+00  4.0161E+01 -1.7277E+00  2.9840E+01  3.5884E+00  4.8438E-01 -1.7911E+01  9.4829E+00  8.0583E+00
            -5.9956E+00 -7.2925E+00  2.2902E+01

0ITERATION NO.:   16    OBJECTIVE VALUE:  -6701.81228397161        NO. OF FUNC. EVALS.:  11
 CUMULATIVE NO. OF FUNC. EVALS.:      191
 NPARAMETR:  1.3777E+01  1.9293E+02  6.6350E+00  6.1455E-01  1.1653E+00 -3.2117E-01 -7.7426E-01  2.3054E-02  2.8214E-01  5.3678E-02
             1.8353E-01  1.3649E-01  4.8497E-02
 PARAMETER:  1.6327E-01  9.1782E-02  1.0471E-01  7.5302E-02  8.6259E-01 -2.9733E-01 -1.3983E+00  1.1876E-01 -8.4799E-02 -4.0196E-01
             4.8460E-01  8.2134E-02  9.7108E-02
 GRADIENT:   1.2147E+01 -1.5359E+01 -2.1629E+00 -2.7322E+00  5.7844E+00  1.1925E+00  4.7905E-01  5.5122E+00  1.8917E+00  5.0809E+00
             9.6322E-01 -7.3630E+00 -5.4103E+00

0ITERATION NO.:   17    OBJECTIVE VALUE:  -6701.86834868520        NO. OF FUNC. EVALS.:  11
 CUMULATIVE NO. OF FUNC. EVALS.:      202
 NPARAMETR:  1.3789E+01  1.9332E+02  6.6355E+00  6.1486E-01  1.1122E+00 -3.2145E-01 -7.7398E-01  2.1972E-02  2.8486E-01  5.1710E-02
             1.8465E-01  1.3791E-01  4.8729E-02
 PARAMETER:  1.6418E-01  9.3831E-02  1.0479E-01  7.6579E-02  8.3776E-01 -2.9775E-01 -1.3971E+00  9.4735E-02 -8.0008E-02 -4.2063E-01
             4.8765E-01  8.7297E-02  9.9494E-02
 GRADIENT:   2.9487E+00 -5.5508E+00 -4.4550E-01 -7.8459E-01 -6.4637E-01  2.8640E-01  8.2772E-02 -1.0874E+00  3.6432E+00  2.8275E+00
             1.1707E+00 -5.0272E-01 -2.4548E+00

0ITERATION NO.:   18    OBJECTIVE VALUE:  -6701.94950351313        NO. OF FUNC. EVALS.:  11
 CUMULATIVE NO. OF FUNC. EVALS.:      213
 NPARAMETR:  1.3795E+01  1.9372E+02  6.6305E+00  6.1491E-01  1.1181E+00 -3.2143E-01 -7.7407E-01  2.2134E-02  2.8522E-01  5.0033E-02
             1.8599E-01  1.3805E-01  4.8731E-02
 PARAMETER:  1.6461E-01  9.5872E-02  1.0404E-01  7.6808E-02  8.4056E-01 -2.9772E-01 -1.3975E+00  9.8418E-02 -7.9379E-02 -4.3712E-01
             4.9125E-01  8.7805E-02  9.9509E-02
 GRADIENT:  -6.9805E-01 -1.2811E-01 -2.5874E+00  7.4885E-01 -1.8865E-01 -1.3397E-01 -7.1581E-02  3.1770E-01  1.5735E-01  8.8218E-02
             3.3119E-01  7.1151E-01  1.5097E+00

0ITERATION NO.:   19    OBJECTIVE VALUE:  -6702.03606665435        NO. OF FUNC. EVALS.:  13
 CUMULATIVE NO. OF FUNC. EVALS.:      226
 NPARAMETR:  1.3802E+01  1.9364E+02  6.6483E+00  6.1395E-01  1.1291E+00 -3.2048E-01 -7.7342E-01  2.1917E-02  2.8530E-01  4.9858E-02
             1.8479E-01  1.3731E-01  4.8686E-02
 PARAMETER:  1.6510E-01  9.5497E-02  1.0672E-01  7.2769E-02  8.4573E-01 -2.9632E-01 -1.3946E+00  9.3486E-02 -7.9245E-02 -4.3886E-01
             4.8802E-01  8.5124E-02  9.9052E-02
 GRADIENT:   5.1284E+00  6.0687E-01  1.5651E+01 -5.0478E+00  1.4286E+00  9.6110E-01  4.3098E-01 -2.0256E+00 -7.8823E-01 -2.5926E-01
            -1.7717E+00 -3.4576E+00 -9.1825E+00

0ITERATION NO.:   20    OBJECTIVE VALUE:  -6702.03606665435        NO. OF FUNC. EVALS.:  28
 CUMULATIVE NO. OF FUNC. EVALS.:      254
 NPARAMETR:  1.3802E+01  1.9364E+02  6.6483E+00  6.1395E-01  1.1291E+00 -3.2048E-01 -7.7342E-01  2.1917E-02  2.8530E-01  4.9858E-02
             1.8479E-01  1.3731E-01  4.8686E-02
 PARAMETER:  1.6510E-01  9.5497E-02  1.0672E-01  7.2769E-02  8.4573E-01 -2.9632E-01 -1.3946E+00  9.3486E-02 -7.9245E-02 -4.3886E-01
             4.8802E-01  8.5124E-02  9.9052E-02
 GRADIENT:  -3.5922E+01 -1.0594E+01  4.2293E+00 -5.3192E+00 -8.0403E+00 -5.6828E+00 -8.8772E+00 -2.0256E+00 -7.8823E-01 -2.5926E-01
            -1.7717E+00 -3.4576E+00 -1.0440E+01

0ITERATION NO.:   21    OBJECTIVE VALUE:  -6702.55301393822        NO. OF FUNC. EVALS.:  27
 CUMULATIVE NO. OF FUNC. EVALS.:      281
 NPARAMETR:  1.3898E+01  1.9581E+02  6.6383E+00  6.1528E-01  1.1790E+00 -3.1683E-01 -7.6792E-01  2.2030E-02  2.8677E-01  4.9514E-02
             1.8500E-01  1.3792E-01  4.8738E-02
 PARAMETER:  1.7206E-01  1.0660E-01  1.0521E-01  7.8379E-02  8.6893E-01 -2.9096E-01 -1.3706E+00  9.6067E-02 -7.6665E-02 -4.4233E-01
             4.8861E-01  8.7331E-02  9.9589E-02
 GRADIENT:  -8.2330E+00 -2.7499E+00 -3.4841E-01 -3.9006E-01 -1.8525E+00 -1.0348E+00 -1.7281E+00 -4.8948E-01  8.5394E-01 -4.5414E-01
            -1.5218E+00 -1.6149E+00 -1.4054E+00

0ITERATION NO.:   22    OBJECTIVE VALUE:  -6702.58439933667        NO. OF FUNC. EVALS.:  25
 CUMULATIVE NO. OF FUNC. EVALS.:      306
 NPARAMETR:  1.3933E+01  1.9662E+02  6.6348E+00  6.1542E-01  1.1958E+00 -3.1653E-01 -7.6715E-01  2.2091E-02  2.8605E-01  4.9879E-02
             1.8567E-01  1.3836E-01  4.8738E-02
 PARAMETER:  1.7453E-01  1.1078E-01  1.0469E-01  7.8963E-02  8.7659E-01 -2.9052E-01 -1.3673E+00  9.7431E-02 -7.7930E-02 -4.3865E-01
             4.9040E-01  8.8927E-02  9.9586E-02
 GRADIENT:  -3.9359E-02 -7.3624E-02  5.0130E-01 -6.7800E-01  1.5596E-02 -6.1036E-02 -9.2541E-03  5.1892E-02 -1.0299E-01 -1.2079E-01
            -5.7887E-02 -5.7675E-02  5.6470E-01

0ITERATION NO.:   23    OBJECTIVE VALUE:  -6702.58457852220        NO. OF FUNC. EVALS.:  25
 CUMULATIVE NO. OF FUNC. EVALS.:      331
 NPARAMETR:  1.3934E+01  1.9664E+02  6.6351E+00  6.1564E-01  1.1960E+00 -3.1647E-01 -7.6716E-01  2.2091E-02  2.8598E-01  4.9988E-02
             1.8564E-01  1.3840E-01  4.8734E-02
 PARAMETER:  1.7462E-01  1.1085E-01  1.0473E-01  7.9878E-02  8.7667E-01 -2.9044E-01 -1.3673E+00  9.7437E-02 -7.8055E-02 -4.3756E-01
             4.9033E-01  8.9060E-02  9.9546E-02
 GRADIENT:   4.9315E-02  1.3013E-01 -2.7290E-01  4.3301E-01  2.2023E-02  7.0448E-03  1.5434E-02  1.6450E-03 -8.9216E-03  8.1157E-03
             3.7574E-03 -1.6893E-02  3.4111E-02

0ITERATION NO.:   24    OBJECTIVE VALUE:  -6702.58466361753        NO. OF FUNC. EVALS.:  25
 CUMULATIVE NO. OF FUNC. EVALS.:      356
 NPARAMETR:  1.3933E+01  1.9663E+02  6.6350E+00  6.1555E-01  1.1957E+00 -3.1647E-01 -7.6716E-01  2.2091E-02  2.8599E-01  4.9973E-02
             1.8564E-01  1.3839E-01  4.8734E-02
 PARAMETER:  1.7457E-01  1.1080E-01  1.0471E-01  7.9529E-02  8.7656E-01 -2.9044E-01 -1.3674E+00  9.7442E-02 -7.8024E-02 -4.3771E-01
             4.9031E-01  8.9043E-02  9.9541E-02
 GRADIENT:  -2.0312E-03  5.7886E-03  1.7842E-02  9.5809E-04 -4.7634E-04  3.6147E-04  1.0299E-03  1.8527E-03  3.5560E-03 -1.0692E-03
             2.1985E-05  2.0436E-03  6.2663E-03

0ITERATION NO.:   25    OBJECTIVE VALUE:  -6702.58466361753        NO. OF FUNC. EVALS.:  16
 CUMULATIVE NO. OF FUNC. EVALS.:      372
 NPARAMETR:  1.3933E+01  1.9663E+02  6.6350E+00  6.1555E-01  1.1957E+00 -3.1647E-01 -7.6716E-01  2.2091E-02  2.8599E-01  4.9973E-02
             1.8564E-01  1.3839E-01  4.8734E-02
 PARAMETER:  1.7457E-01  1.1080E-01  1.0471E-01  7.9529E-02  8.7656E-01 -2.9044E-01 -1.3674E+00  9.7442E-02 -7.8024E-02 -4.3771E-01
             4.9031E-01  8.9043E-02  9.9541E-02
 GRADIENT:  -2.0312E-03  5.7886E-03  1.7842E-02  9.5809E-04 -4.7634E-04  3.6147E-04  1.0299E-03  1.8527E-03  3.5560E-03 -1.0692E-03
             2.1985E-05  2.0436E-03  6.2663E-03

 #TERM:
0MINIMIZATION SUCCESSFUL
 NO. OF FUNCTION EVALUATIONS USED:      372
 NO. OF SIG. DIGITS IN FINAL EST.:  4.2

 ETABAR IS THE ARITHMETIC MEAN OF THE ETA-ESTIMATES,
 AND THE P-VALUE IS GIVEN FOR THE NULL HYPOTHESIS THAT THE TRUE MEAN IS 0.

 ETABAR:        -3.4759E-02  2.1425E-02  6.3956E-03 -3.7664E-02  1.4225E-03
 SE:             3.1916E-03  1.7299E-02  4.0755E-03  1.0564E-02  1.0098E-02
 N:                     744         744         744         744         744

 P VAL.:         1.3073E-27  2.1553E-01  1.1658E-01  3.6348E-04  8.8797E-01

 ETASHRINKSD(%)  4.1389E+01  1.1708E+01  5.0239E+01  3.3076E+01  2.5911E+01
 ETASHRINKVR(%)  6.5647E+01  2.2045E+01  7.5239E+01  5.5212E+01  4.5108E+01
 EBVSHRINKSD(%)  4.7587E+01  1.0823E+01  4.6828E+01  3.0544E+01  2.1864E+01
 EBVSHRINKVR(%)  7.2529E+01  2.0475E+01  7.1728E+01  5.1758E+01  3.8948E+01
 RELATIVEINF(%)  2.7471E+01  1.9422E+01  4.1966E+00  1.2603E+01  5.2613E+01
 EPSSHRINKSD(%)  9.8106E+00
 EPSSHRINKVR(%)  1.8659E+01

  
 TOTAL DATA POINTS NORMALLY DISTRIBUTED (N):         6385
 N*LOG(2PI) CONSTANT TO OBJECTIVE FUNCTION:    11734.845069023670     
 OBJECTIVE FUNCTION VALUE WITHOUT CONSTANT:   -6702.5846636175302     
 OBJECTIVE FUNCTION VALUE WITH CONSTANT:       5032.2604054061394     
 REPORTED OBJECTIVE FUNCTION DOES NOT CONTAIN CONSTANT
  
 TOTAL EFFECTIVE ETAS (NIND*NETA):                          3720
  
 #TERE:
 Elapsed estimation  time in seconds:   147.20
 Elapsed covariance  time in seconds:    19.87
 Elapsed postprocess time in seconds:     2.28
1
 
 
 
 
 
 
 
 
 
 
 
 
 
 
 
 
 
 
 
 
 ************************************************************************************************************************
 ********************                                                                                ********************
 ********************               FIRST ORDER CONDITIONAL ESTIMATION WITH INTERACTION              ********************
 #OBJT:**************                       MINIMUM VALUE OF OBJECTIVE FUNCTION                      ********************
 ********************                                                                                ********************
 ************************************************************************************************************************
 





 #OBJV:********************************************    -6702.585       **************************************************
1
 ************************************************************************************************************************
 ********************                                                                                ********************
 ********************               FIRST ORDER CONDITIONAL ESTIMATION WITH INTERACTION              ********************
 ********************                             FINAL PARAMETER ESTIMATE                           ********************
 ********************                                                                                ********************
 ************************************************************************************************************************
 


 THETA - VECTOR OF FIXED EFFECTS PARAMETERS   *********


         TH 1      TH 2      TH 3      TH 4      TH 5      TH 6      TH 7      TH 8      TH 9      TH10     
 
         1.00E+00  7.50E-01  1.00E+00  1.39E+01  1.97E+02  6.63E+00  6.16E-01  1.20E+00 -3.16E-01 -7.67E-01
 


 OMEGA - COV MATRIX FOR RANDOM EFFECTS - ETAS  ********


         ETA1      ETA2      ETA3      ETA4      ETA5     
 
 ETA1
+        2.21E-02
 
 ETA2
+        0.00E+00  2.86E-01
 
 ETA3
+        0.00E+00  0.00E+00  5.00E-02
 
 ETA4
+        0.00E+00  0.00E+00  0.00E+00  1.86E-01
 
 ETA5
+        0.00E+00  0.00E+00  0.00E+00  0.00E+00  1.38E-01
 


 SIGMA - COV MATRIX FOR RANDOM EFFECTS - EPSILONS  ****


         EPS1     
 
 EPS1
+        4.87E-02
 
1


 OMEGA - CORR MATRIX FOR RANDOM EFFECTS - ETAS  *******


         ETA1      ETA2      ETA3      ETA4      ETA5     
 
 ETA1
+        1.49E-01
 
 ETA2
+        0.00E+00  5.35E-01
 
 ETA3
+        0.00E+00  0.00E+00  2.24E-01
 
 ETA4
+        0.00E+00  0.00E+00  0.00E+00  4.31E-01
 
 ETA5
+        0.00E+00  0.00E+00  0.00E+00  0.00E+00  3.72E-01
 


 SIGMA - CORR MATRIX FOR RANDOM EFFECTS - EPSILONS  ***


         EPS1     
 
 EPS1
+        2.21E-01
 
1
 ************************************************************************************************************************
 ********************                                                                                ********************
 ********************               FIRST ORDER CONDITIONAL ESTIMATION WITH INTERACTION              ********************
 ********************                            STANDARD ERROR OF ESTIMATE                          ********************
 ********************                                                                                ********************
 ************************************************************************************************************************
 


 THETA - VECTOR OF FIXED EFFECTS PARAMETERS   *********


         TH 1      TH 2      TH 3      TH 4      TH 5      TH 6      TH 7      TH 8      TH 9      TH10     
 
        ......... ......... .........  3.37E-01  7.84E+00  1.55E-01  8.26E-03  1.78E-01  3.99E-02  1.57E-02
 


 OMEGA - COV MATRIX FOR RANDOM EFFECTS - ETAS  ********


         ETA1      ETA2      ETA3      ETA4      ETA5     
 
 ETA1
+        2.95E-03
 
 ETA2
+       .........  2.33E-02
 
 ETA3
+       ......... .........  1.55E-02
 
 ETA4
+       ......... ......... .........  1.87E-02
 
 ETA5
+       ......... ......... ......... .........  1.18E-02
 


 SIGMA - COV MATRIX FOR RANDOM EFFECTS - EPSILONS  ****


         EPS1     
 
 EPS1
+        1.15E-03
 
1


 OMEGA - CORR MATRIX FOR RANDOM EFFECTS - ETAS  *******


         ETA1      ETA2      ETA3      ETA4      ETA5     
 
 ETA1
+        9.94E-03
 
 ETA2
+       .........  2.17E-02
 
 ETA3
+       ......... .........  3.48E-02
 
 ETA4
+       ......... ......... .........  2.17E-02
 
 ETA5
+       ......... ......... ......... .........  1.59E-02
 


 SIGMA - CORR MATRIX FOR RANDOM EFFECTS - EPSILONS  ***


         EPS1     
 
 EPS1
+        2.61E-03
 
1
 ************************************************************************************************************************
 ********************                                                                                ********************
 ********************               FIRST ORDER CONDITIONAL ESTIMATION WITH INTERACTION              ********************
 ********************                          COVARIANCE MATRIX OF ESTIMATE                         ********************
 ********************                                                                                ********************
 ************************************************************************************************************************
 

            TH 1      TH 2      TH 3      TH 4      TH 5      TH 6      TH 7      TH 8      TH 9      TH10      OM11      OM12  
             OM13      OM14      OM15      OM22      OM23      OM24      OM25      OM33      OM34      OM35      OM44      OM45  
            OM55      SG11  
 
 TH 1
+       .........
 
 TH 2
+       ......... .........
 
 TH 3
+       ......... ......... .........
 
 TH 4
+       ......... ......... .........  1.13E-01
 
 TH 5
+       ......... ......... .........  1.60E+00  6.14E+01
 
 TH 6
+       ......... ......... ......... -1.08E-02 -6.75E-01  2.39E-02
 
 TH 7
+       ......... ......... ......... -7.30E-05 -2.28E-02  5.73E-04  6.83E-05
 
 TH 8
+       ......... ......... ......... -9.85E-03  3.17E-04  2.02E-04  4.14E-05  3.18E-02
 
 TH 9
+       ......... ......... ......... -2.61E-03  2.31E-02  6.43E-05 -2.57E-06  5.44E-04  1.59E-03
 
 TH10
+       ......... ......... ......... -1.04E-03  1.00E-02 -9.33E-05 -1.04E-05  1.97E-04  9.08E-05  2.46E-04
 
 OM11
+       ......... ......... ......... -1.43E-05  4.65E-04 -2.84E-05 -2.59E-06 -1.99E-05  2.04E-06  4.67E-07  8.73E-06
 
 OM12
+       ......... ......... ......... ......... ......... ......... ......... ......... ......... ......... ......... .........
 
 OM13
+       ......... ......... ......... ......... ......... ......... ......... ......... ......... ......... ......... .........
         .........
 
 OM14
+       ......... ......... ......... ......... ......... ......... ......... ......... ......... ......... ......... .........
         ......... .........
 
 OM15
+       ......... ......... ......... ......... ......... ......... ......... ......... ......... ......... ......... .........
         ......... ......... .........
 
 OM22
+       ......... ......... ......... -7.64E-04 -1.03E-02  6.70E-05 -1.25E-05  2.81E-05  6.53E-05  4.45E-05  8.54E-07 .........
         ......... ......... .........  5.41E-04
 
 OM23
+       ......... ......... ......... ......... ......... ......... ......... ......... ......... ......... ......... .........
         ......... ......... ......... ......... .........
 
 OM24
+       ......... ......... ......... ......... ......... ......... ......... ......... ......... ......... ......... .........
         ......... ......... ......... ......... ......... .........
 
 OM25
+       ......... ......... ......... ......... ......... ......... ......... ......... ......... ......... ......... .........
         ......... ......... ......... ......... ......... ......... .........
 
1

            TH 1      TH 2      TH 3      TH 4      TH 5      TH 6      TH 7      TH 8      TH 9      TH10      OM11      OM12  
             OM13      OM14      OM15      OM22      OM23      OM24      OM25      OM33      OM34      OM35      OM44      OM45  
            OM55      SG11  
 
 OM33
+       ......... ......... .........  1.33E-04  5.50E-03 -5.72E-05  1.37E-05 -7.53E-05  3.10E-06  3.97E-06  1.05E-07 .........
         ......... ......... ......... -2.09E-04 ......... ......... .........  2.41E-04
 
 OM34
+       ......... ......... ......... ......... ......... ......... ......... ......... ......... ......... ......... .........
         ......... ......... ......... ......... ......... ......... ......... ......... .........
 
 OM35
+       ......... ......... ......... ......... ......... ......... ......... ......... ......... ......... ......... .........
         ......... ......... ......... ......... ......... ......... ......... ......... ......... .........
 
 OM44
+       ......... ......... .........  9.59E-04  2.59E-02 -5.23E-04 -1.06E-05 -3.80E-05 -5.68E-05 -1.01E-04  2.29E-06 .........
         ......... ......... .........  9.49E-05 ......... ......... ......... -1.38E-04 ......... .........  3.49E-04
 
 OM45
+       ......... ......... ......... ......... ......... ......... ......... ......... ......... ......... ......... .........
         ......... ......... ......... ......... ......... ......... ......... ......... ......... ......... ......... .........
 
 OM55
+       ......... ......... ......... -1.19E-04 -7.91E-03  2.72E-04  1.77E-05  7.99E-05  2.82E-05  7.28E-06 -6.79E-07 .........
         ......... ......... ......... -4.45E-06 ......... ......... .........  9.60E-06 ......... ......... -2.05E-05 .........
         1.40E-04
 
 SG11
+       ......... ......... .........  8.62E-06  2.03E-04  4.40E-06  3.93E-07 -5.27E-06 -2.13E-06 -1.16E-07 -1.84E-06 .........
         ......... ......... ......... -3.16E-07 ......... ......... ......... -6.43E-07 ......... ......... -1.77E-07 .........
        -2.95E-07  1.32E-06
 
1
 ************************************************************************************************************************
 ********************                                                                                ********************
 ********************               FIRST ORDER CONDITIONAL ESTIMATION WITH INTERACTION              ********************
 ********************                          CORRELATION MATRIX OF ESTIMATE                        ********************
 ********************                                                                                ********************
 ************************************************************************************************************************
 

            TH 1      TH 2      TH 3      TH 4      TH 5      TH 6      TH 7      TH 8      TH 9      TH10      OM11      OM12  
             OM13      OM14      OM15      OM22      OM23      OM24      OM25      OM33      OM34      OM35      OM44      OM45  
            OM55      SG11  
 
 TH 1
+       .........
 
 TH 2
+       ......... .........
 
 TH 3
+       ......... ......... .........
 
 TH 4
+       ......... ......... .........  3.37E-01
 
 TH 5
+       ......... ......... .........  6.07E-01  7.84E+00
 
 TH 6
+       ......... ......... ......... -2.07E-01 -5.57E-01  1.55E-01
 
 TH 7
+       ......... ......... ......... -2.63E-02 -3.52E-01  4.48E-01  8.26E-03
 
 TH 8
+       ......... ......... ......... -1.64E-01  2.27E-04  7.31E-03  2.81E-02  1.78E-01
 
 TH 9
+       ......... ......... ......... -1.94E-01  7.39E-02  1.04E-02 -7.80E-03  7.64E-02  3.99E-02
 
 TH10
+       ......... ......... ......... -1.96E-01  8.16E-02 -3.85E-02 -8.06E-02  7.04E-02  1.45E-01  1.57E-02
 
 OM11
+       ......... ......... ......... -1.44E-02  2.01E-02 -6.21E-02 -1.06E-01 -3.77E-02  1.73E-02  1.01E-02  2.95E-03
 
 OM12
+       ......... ......... ......... ......... ......... ......... ......... ......... ......... ......... ......... .........
 
 OM13
+       ......... ......... ......... ......... ......... ......... ......... ......... ......... ......... ......... .........
         .........
 
 OM14
+       ......... ......... ......... ......... ......... ......... ......... ......... ......... ......... ......... .........
         ......... .........
 
 OM15
+       ......... ......... ......... ......... ......... ......... ......... ......... ......... ......... ......... .........
         ......... ......... .........
 
 OM22
+       ......... ......... ......... -9.76E-02 -5.63E-02  1.86E-02 -6.52E-02  6.77E-03  7.03E-02  1.22E-01  1.24E-02 .........
         ......... ......... .........  2.33E-02
 
 OM23
+       ......... ......... ......... ......... ......... ......... ......... ......... ......... ......... ......... .........
         ......... ......... ......... ......... .........
 
 OM24
+       ......... ......... ......... ......... ......... ......... ......... ......... ......... ......... ......... .........
         ......... ......... ......... ......... ......... .........
 
 OM25
+       ......... ......... ......... ......... ......... ......... ......... ......... ......... ......... ......... .........
         ......... ......... ......... ......... ......... ......... .........
 
1

            TH 1      TH 2      TH 3      TH 4      TH 5      TH 6      TH 7      TH 8      TH 9      TH10      OM11      OM12  
             OM13      OM14      OM15      OM22      OM23      OM24      OM25      OM33      OM34      OM35      OM44      OM45  
            OM55      SG11  
 
 OM33
+       ......... ......... .........  2.55E-02  4.51E-02 -2.38E-02  1.07E-01 -2.72E-02  5.00E-03  1.63E-02  2.30E-03 .........
         ......... ......... ......... -5.79E-01 ......... ......... .........  1.55E-02
 
 OM34
+       ......... ......... ......... ......... ......... ......... ......... ......... ......... ......... ......... .........
         ......... ......... ......... ......... ......... ......... ......... ......... .........
 
 OM35
+       ......... ......... ......... ......... ......... ......... ......... ......... ......... ......... ......... .........
         ......... ......... ......... ......... ......... ......... ......... ......... ......... .........
 
 OM44
+       ......... ......... .........  1.52E-01  1.77E-01 -1.81E-01 -6.87E-02 -1.14E-02 -7.62E-02 -3.45E-01  4.15E-02 .........
         ......... ......... .........  2.18E-01 ......... ......... ......... -4.75E-01 ......... .........  1.87E-02
 
 OM45
+       ......... ......... ......... ......... ......... ......... ......... ......... ......... ......... ......... .........
         ......... ......... ......... ......... ......... ......... ......... ......... ......... ......... ......... .........
 
 OM55
+       ......... ......... ......... -2.99E-02 -8.54E-02  1.49E-01  1.82E-01  3.79E-02  5.98E-02  3.93E-02 -1.94E-02 .........
         ......... ......... ......... -1.62E-02 ......... ......... .........  5.23E-02 ......... ......... -9.30E-02 .........
         1.18E-02
 
 SG11
+       ......... ......... .........  2.23E-02  2.25E-02  2.47E-02  4.13E-02 -2.57E-02 -4.63E-02 -6.41E-03 -5.41E-01 .........
         ......... ......... ......... -1.18E-02 ......... ......... ......... -3.60E-02 ......... ......... -8.24E-03 .........
        -2.17E-02  1.15E-03
 
1
 ************************************************************************************************************************
 ********************                                                                                ********************
 ********************               FIRST ORDER CONDITIONAL ESTIMATION WITH INTERACTION              ********************
 ********************                      INVERSE COVARIANCE MATRIX OF ESTIMATE                     ********************
 ********************                                                                                ********************
 ************************************************************************************************************************
 

            TH 1      TH 2      TH 3      TH 4      TH 5      TH 6      TH 7      TH 8      TH 9      TH10      OM11      OM12  
             OM13      OM14      OM15      OM22      OM23      OM24      OM25      OM33      OM34      OM35      OM44      OM45  
            OM55      SG11  
 
 TH 1
+       .........
 
 TH 2
+       ......... .........
 
 TH 3
+       ......... ......... .........
 
 TH 4
+       ......... ......... .........  1.95E+01
 
 TH 5
+       ......... ......... ......... -6.68E-01  4.83E-02
 
 TH 6
+       ......... ......... ......... -5.71E+00  7.78E-01  7.15E+01
 
 TH 7
+       ......... ......... ......... -1.41E+02  8.39E+00 -3.34E+02  2.09E+04
 
 TH 8
+       ......... ......... .........  5.26E+00 -1.79E-01 -1.06E+00 -6.15E+01  3.34E+01
 
 TH 9
+       ......... ......... .........  3.54E+01 -1.61E+00 -2.07E+01 -2.77E+02  0.00E+00  7.21E+02
 
 TH10
+       ......... ......... .........  9.31E+01 -4.63E+00 -5.72E+00 -4.41E+02  0.00E+00  0.00E+00  5.57E+03
 
 OM11
+       ......... ......... .........  3.85E+01 -6.58E-01  2.02E+01  4.19E+03  1.45E+02  9.58E+01 -4.44E+02  1.65E+05
 
 OM12
+       ......... ......... ......... ......... ......... ......... ......... ......... ......... ......... ......... .........
 
 OM13
+       ......... ......... ......... ......... ......... ......... ......... ......... ......... ......... ......... .........
         .........
 
 OM14
+       ......... ......... ......... ......... ......... ......... ......... ......... ......... ......... ......... .........
         ......... .........
 
 OM15
+       ......... ......... ......... ......... ......... ......... ......... ......... ......... ......... ......... .........
         ......... ......... .........
 
 OM22
+       ......... ......... .........  8.70E+00  1.78E-01  7.02E+00 -4.79E+01  1.12E+01 -8.35E+01 -4.98E+02  1.67E+02 .........
         ......... ......... .........  2.89E+03
 
 OM23
+       ......... ......... ......... ......... ......... ......... ......... ......... ......... ......... ......... .........
         ......... ......... ......... ......... .........
 
 OM24
+       ......... ......... ......... ......... ......... ......... ......... ......... ......... ......... ......... .........
         ......... ......... ......... ......... ......... .........
 
 OM25
+       ......... ......... ......... ......... ......... ......... ......... ......... ......... ......... ......... .........
         ......... ......... ......... ......... ......... ......... .........
 
1

            TH 1      TH 2      TH 3      TH 4      TH 5      TH 6      TH 7      TH 8      TH 9      TH10      OM11      OM12  
             OM13      OM14      OM15      OM22      OM23      OM24      OM25      OM33      OM34      OM35      OM44      OM45  
            OM55      SG11  
 
 OM33
+       ......... ......... .........  3.46E+01 -2.60E+00  7.02E+01 -2.06E+03  2.94E+01  2.78E+01  7.69E+02 -1.11E+02 .........
         ......... ......... .........  2.53E+03 ......... ......... .........  8.19E+03
 
 OM34
+       ......... ......... ......... ......... ......... ......... ......... ......... ......... ......... ......... .........
         ......... ......... ......... ......... ......... ......... ......... ......... .........
 
 OM35
+       ......... ......... ......... ......... ......... ......... ......... ......... ......... ......... ......... .........
         ......... ......... ......... ......... ......... ......... ......... ......... ......... .........
 
 OM44
+       ......... ......... .........  2.73E+01 -3.04E+00  7.25E+01 -1.20E+03  6.04E+00  1.28E+02  2.11E+03 -1.02E+03 .........
         ......... ......... .........  2.88E+01 ......... ......... .........  2.92E+03 ......... .........  4.88E+03
 
 OM45
+       ......... ......... ......... ......... ......... ......... ......... ......... ......... ......... ......... .........
         ......... ......... ......... ......... ......... ......... ......... ......... ......... ......... ......... .........
 
 OM55
+       ......... ......... ......... -4.61E+00 -3.92E-02 -4.69E+01 -1.55E+03 -1.42E+01 -1.14E+02 -1.66E+02  4.88E+02 .........
         ......... ......... ......... -2.66E+01 ......... ......... ......... -9.85E+01 ......... .........  2.40E+02 .........
         7.53E+03
 
 SG11
+       ......... ......... .........  1.97E+02 -1.44E+01 -1.95E+02 -1.87E+03  3.64E+02  1.44E+03  6.25E+02  2.28E+05 .........
         ......... ......... .........  1.92E+03 ......... ......... .........  5.58E+03 ......... .........  1.53E+03 .........
         2.73E+03  1.08E+06
 
1
 
 
 
 
 
 
 
 
 
 
 
 
 
 
 
 
 
 
 
 
 ************************************************************************************************************************
 ********************                                                                                ********************
 ********************               FIRST ORDER CONDITIONAL ESTIMATION WITH INTERACTION              ********************
 ********************                      EIGENVALUES OF COR MATRIX OF ESTIMATE                     ********************
 ********************                                                                                ********************
 ************************************************************************************************************************
 

             1         2         3         4         5         6         7         8         9        10        11        12
             13
 
         1.90E-01  3.19E-01  4.44E-01  4.91E-01  5.55E-01  7.98E-01  8.89E-01  1.01E+00  1.08E+00  1.46E+00  1.61E+00  1.86E+00
          2.30E+00
 
 Elapsed finaloutput time in seconds:     5.26
Stop Time:
Tue Jun 18 17:27:18 CEST 2024
